Archive member included because of file (symbol)

libbb/lib.a(appletlib.o)      /home/paldier/k3_384/release/src-rt-6.x.4708/toolchains/hndtools-arm-linux-2.6.36-uclibc-4.5.3/bin/../arm-brcm-linux-uclibcgnueabi/sysroot/usr/lib/crt1.o (main)
libbb/lib.a(compare_string_array.o)
                              libbb/lib.a(appletlib.o) (is_prefixed_with)
libbb/lib.a(default_error_retval.o)
                              libbb/lib.a(appletlib.o) (xfunc_error_retval)
libbb/lib.a(get_last_path_component.o)
                              libbb/lib.a(appletlib.o) (bb_basename)
libbb/lib.a(last_char_is.o)   libbb/lib.a(get_last_path_component.o) (last_char_is)
libbb/lib.a(messages.o)       libbb/lib.a(appletlib.o) (bb_banner)
libbb/lib.a(ptr_to_globals.o)
                              libbb/lib.a(appletlib.o) (bb_errno)
libbb/lib.a(verror_msg.o)     libbb/lib.a(appletlib.o) (bb_error_msg_and_die)
libbb/lib.a(xfunc_die.o)      libbb/lib.a(appletlib.o) (xfunc_die)
libbb/lib.a(xfuncs.o)         libbb/lib.a(appletlib.o) (full_write2_str)
libbb/lib.a(xfuncs_printf.o)  libbb/lib.a(verror_msg.o) (fflush_all)
libbb/lib.a(copyfd.o)         libbb/lib.a(xfuncs_printf.o) (bb_copyfd_eof)
libbb/lib.a(full_write.o)     libbb/lib.a(verror_msg.o) (full_write)
libbb/lib.a(perror_msg.o)     libbb/lib.a(xfuncs_printf.o) (bb_perror_msg)
libbb/lib.a(read.o)           libbb/lib.a(copyfd.o) (safe_read)
libbb/lib.a(safe_write.o)     libbb/lib.a(full_write.o) (safe_write)
libbb/lib.a(signals.o)        libbb/lib.a(xfuncs_printf.o) (kill_myself_with_sig)
libbb/lib.a(time.o)           libbb/lib.a(xfuncs_printf.o) (monotonic_us)
libbb/lib.a(bb_strtonum.o)    libbb/lib.a(time.o) (bb_strtol)
loginutils/lib.a(chpasswd.o)  libbb/lib.a(appletlib.o) (chpasswd_main)
loginutils/lib.a(login.o)     libbb/lib.a(appletlib.o) (login_main)
miscutils/lib.a(crond.o)      libbb/lib.a(appletlib.o) (crond_main)
miscutils/lib.a(devmem.o)     libbb/lib.a(appletlib.o) (devmem_main)
miscutils/lib.a(flash_eraseall.o)
                              libbb/lib.a(appletlib.o) (flash_eraseall_main)
miscutils/lib.a(ionice.o)     libbb/lib.a(appletlib.o) (ionice_main)
miscutils/lib.a(less.o)       libbb/lib.a(appletlib.o) (less_main)
miscutils/lib.a(strings.o)    libbb/lib.a(appletlib.o) (strings_main)
modutils/lib.a(insmod.o)      libbb/lib.a(appletlib.o) (insmod_main)
modutils/lib.a(lsmod.o)       libbb/lib.a(appletlib.o) (lsmod_main)
modutils/lib.a(modprobe.o)    libbb/lib.a(appletlib.o) (modprobe_main)
modutils/lib.a(modutils.o)    modutils/lib.a(modprobe.o) (replace)
modutils/lib.a(rmmod.o)       libbb/lib.a(appletlib.o) (rmmod_main)
networking/lib.a(arp.o)       libbb/lib.a(appletlib.o) (arp_main)
networking/lib.a(ether-wake.o)
                              libbb/lib.a(appletlib.o) (ether_wake_main)
networking/lib.a(ifconfig.o)  libbb/lib.a(appletlib.o) (ifconfig_main)
networking/lib.a(interface.o)
                              networking/lib.a(arp.o) (get_aftype)
networking/lib.a(netstat.o)   libbb/lib.a(appletlib.o) (netstat_main)
networking/lib.a(nslookup.o)  libbb/lib.a(appletlib.o) (nslookup_main)
networking/lib.a(ping.o)      libbb/lib.a(appletlib.o) (ping_main)
networking/lib.a(route.o)     networking/lib.a(netstat.o) (bb_displayroutes)
networking/lib.a(telnetd.o)   libbb/lib.a(appletlib.o) (telnetd_main)
networking/lib.a(traceroute.o)
                              libbb/lib.a(appletlib.o) (traceroute_main)
networking/lib.a(vconfig.o)   libbb/lib.a(appletlib.o) (vconfig_main)
networking/lib.a(zcip.o)      libbb/lib.a(appletlib.o) (zcip_main)
networking/udhcp/lib.a(dhcpc.o)
                              libbb/lib.a(appletlib.o) (udhcpc_main)
networking/udhcp/lib.a(packet.o)
                              networking/udhcp/lib.a(dhcpc.o) (udhcp_init_header)
networking/udhcp/lib.a(signalpipe.o)
                              networking/udhcp/lib.a(dhcpc.o) (udhcp_sp_setup)
networking/udhcp/lib.a(socket.o)
                              networking/udhcp/lib.a(dhcpc.o) (udhcp_read_interface)
networking/udhcp/lib.a(arpping.o)
                              networking/udhcp/lib.a(dhcpc.o) (arpping)
networking/udhcp/lib.a(common.o)
                              networking/udhcp/lib.a(dhcpc.o) (udhcp_option_idx)
procps/lib.a(free.o)          libbb/lib.a(appletlib.o) (free_main)
procps/lib.a(kill.o)          libbb/lib.a(appletlib.o) (kill_main)
procps/lib.a(pidof.o)         libbb/lib.a(appletlib.o) (pidof_main)
procps/lib.a(ps.o)            libbb/lib.a(appletlib.o) (ps_main)
procps/lib.a(renice.o)        libbb/lib.a(appletlib.o) (renice_main)
procps/lib.a(top.o)           libbb/lib.a(appletlib.o) (top_main)
procps/lib.a(uptime.o)        libbb/lib.a(appletlib.o) (uptime_main)
procps/lib.a(watch.o)         libbb/lib.a(appletlib.o) (watch_main)
shell/lib.a(ash.o)            libbb/lib.a(appletlib.o) (ash_main)
shell/lib.a(ash_ptr_hack.o)   shell/lib.a(ash.o) (ash_ptr_to_globals_misc)
shell/lib.a(math.o)           shell/lib.a(ash.o) (arith)
[...]
Memory Configuration

Name             Origin             Length             Attributes
*default*        0x00000000         0xffffffff

Linker script and memory map

LOAD /home/paldier/k3_384/release/src-rt-6.x.4708/toolchains/hndtools-arm-linux-2.6.36-uclibc-4.5.3/bin/../arm-brcm-linux-uclibcgnueabi/sysroot/usr/lib/crt1.o
LOAD /home/paldier/k3_384/release/src-rt-6.x.4708/toolchains/hndtools-arm-linux-2.6.36-uclibc-4.5.3/bin/../arm-brcm-linux-uclibcgnueabi/sysroot/usr/lib/crti.o
LOAD /home/paldier/k3_384/release/src-rt-6.x.4708/toolchains/hndtools-arm-linux-2.6.36-uclibc-4.5.3/bin/../lib/gcc/arm-brcm-linux-uclibcgnueabi/4.5.3/crtbegin.o
START GROUP
LOAD applets/built-in.o
LOAD archival/lib.a
LOAD archival/libarchive/lib.a
LOAD console-tools/lib.a
LOAD coreutils/lib.a
LOAD coreutils/libcoreutils/lib.a
LOAD debianutils/lib.a
LOAD e2fsprogs/lib.a
LOAD editors/lib.a
LOAD findutils/lib.a
LOAD init/lib.a
LOAD libbb/lib.a
LOAD libpwdgrp/lib.a
LOAD loginutils/lib.a
LOAD mailutils/lib.a
LOAD miscutils/lib.a
LOAD modutils/lib.a
LOAD networking/lib.a
LOAD networking/libiproute/lib.a
LOAD networking/udhcp/lib.a
LOAD printutils/lib.a
LOAD procps/lib.a
LOAD runit/lib.a
LOAD selinux/lib.a
LOAD shell/lib.a
LOAD sysklogd/lib.a
LOAD util-linux/lib.a
LOAD util-linux/volume_id/lib.a
LOAD archival/built-in.o
LOAD archival/libarchive/built-in.o
LOAD console-tools/built-in.o
LOAD coreutils/built-in.o
LOAD coreutils/libcoreutils/built-in.o
LOAD debianutils/built-in.o
LOAD e2fsprogs/built-in.o
LOAD editors/built-in.o
LOAD findutils/built-in.o
LOAD init/built-in.o
LOAD libbb/built-in.o
LOAD libpwdgrp/built-in.o
LOAD loginutils/built-in.o
LOAD mailutils/built-in.o
LOAD miscutils/built-in.o
LOAD modutils/built-in.o
LOAD networking/built-in.o
LOAD networking/libiproute/built-in.o
LOAD networking/udhcp/built-in.o
LOAD printutils/built-in.o
LOAD procps/built-in.o
LOAD runit/built-in.o
LOAD selinux/built-in.o
LOAD shell/built-in.o
LOAD sysklogd/built-in.o
LOAD util-linux/built-in.o
LOAD util-linux/volume_id/built-in.o
END GROUP
START GROUP
LOAD /home/paldier/k3_384/release/src-rt-6.x.4708/toolchains/hndtools-arm-linux-2.6.36-uclibc-4.5.3/bin/../arm-brcm-linux-uclibcgnueabi/sysroot/usr/lib/libcrypt.so
LOAD /home/paldier/k3_384/release/src-rt-6.x.4708/toolchains/hndtools-arm-linux-2.6.36-uclibc-4.5.3/bin/../arm-brcm-linux-uclibcgnueabi/sysroot/usr/lib/libm.so
LOAD /home/paldier/68u/release/src-rt-6.x.4708/router/arm-uclibc/stage/usr/lib/libptcsrv.so
END GROUP
LOAD /home/paldier/k3_384/release/src-rt-6.x.4708/toolchains/hndtools-arm-linux-2.6.36-uclibc-4.5.3/bin/../lib/gcc/arm-brcm-linux-uclibcgnueabi/4.5.3/../../../../arm-brcm-linux-uclibcgnueabi/lib/libgcc_s.so
START GROUP
LOAD /home/paldier/k3_384/release/src-rt-6.x.4708/toolchains/hndtools-arm-linux-2.6.36-uclibc-4.5.3/bin/../lib/gcc/arm-brcm-linux-uclibcgnueabi/4.5.3/../../../../arm-brcm-linux-uclibcgnueabi/lib/libgcc_s.so.1
LOAD /home/paldier/k3_384/release/src-rt-6.x.4708/toolchains/hndtools-arm-linux-2.6.36-uclibc-4.5.3/bin/../lib/gcc/arm-brcm-linux-uclibcgnueabi/4.5.3/libgcc.a
END GROUP
LOAD /home/paldier/k3_384/release/src-rt-6.x.4708/toolchains/hndtools-arm-linux-2.6.36-uclibc-4.5.3/bin/../lib/gcc/arm-brcm-linux-uclibcgnueabi/4.5.3/libgcc.a
LOAD /home/paldier/k3_384/release/src-rt-6.x.4708/toolchains/hndtools-arm-linux-2.6.36-uclibc-4.5.3/bin/../arm-brcm-linux-uclibcgnueabi/sysroot/usr/lib/libc.so
START GROUP
LOAD /home/paldier/k3_384/release/src-rt-6.x.4708/toolchains/hndtools-arm-linux-2.6.36-uclibc-4.5.3/bin/../arm-brcm-linux-uclibcgnueabi/sysroot/lib/libc.so.0
LOAD /home/paldier/k3_384/release/src-rt-6.x.4708/toolchains/hndtools-arm-linux-2.6.36-uclibc-4.5.3/bin/../arm-brcm-linux-uclibcgnueabi/sysroot/usr/lib/uclibc_nonshared.a
LOAD /home/paldier/k3_384/release/src-rt-6.x.4708/toolchains/hndtools-arm-linux-2.6.36-uclibc-4.5.3/bin/../arm-brcm-linux-uclibcgnueabi/sysroot/lib/ld-uClibc.so.0
END GROUP
LOAD /home/paldier/k3_384/release/src-rt-6.x.4708/toolchains/hndtools-arm-linux-2.6.36-uclibc-4.5.3/bin/../lib/gcc/arm-brcm-linux-uclibcgnueabi/4.5.3/../../../../arm-brcm-linux-uclibcgnueabi/lib/libgcc_s.so
START GROUP
LOAD /home/paldier/k3_384/release/src-rt-6.x.4708/toolchains/hndtools-arm-linux-2.6.36-uclibc-4.5.3/bin/../lib/gcc/arm-brcm-linux-uclibcgnueabi/4.5.3/../../../../arm-brcm-linux-uclibcgnueabi/lib/libgcc_s.so.1
LOAD /home/paldier/k3_384/release/src-rt-6.x.4708/toolchains/hndtools-arm-linux-2.6.36-uclibc-4.5.3/bin/../lib/gcc/arm-brcm-linux-uclibcgnueabi/4.5.3/libgcc.a
END GROUP
LOAD /home/paldier/k3_384/release/src-rt-6.x.4708/toolchains/hndtools-arm-linux-2.6.36-uclibc-4.5.3/bin/../lib/gcc/arm-brcm-linux-uclibcgnueabi/4.5.3/libgcc.a
LOAD /home/paldier/k3_384/release/src-rt-6.x.4708/toolchains/hndtools-arm-linux-2.6.36-uclibc-4.5.3/bin/../lib/gcc/arm-brcm-linux-uclibcgnueabi/4.5.3/crtend.o
LOAD /home/paldier/k3_384/release/src-rt-6.x.4708/toolchains/hndtools-arm-linux-2.6.36-uclibc-4.5.3/bin/../arm-brcm-linux-uclibcgnueabi/sysroot/usr/lib/crtn.o
                0x00008000                PROVIDE (__executable_start, 0x8000)
                0x000080f4                . = (0x8000 + SIZEOF_HEADERS)

.interp         0x000080f4       0x14
 *(SORT(.interp))
 .interp        0x000080f4       0x14 libbb/lib.a(appletlib.o)

.note.gnu.build-id
 *(SORT(.note.gnu.build-id))

.hash           0x00008108      0x938
 *(SORT(.hash))
 .hash          0x00008108      0x938 libbb/lib.a(appletlib.o)

.gnu.hash
 *(SORT(.gnu.hash))

.dynsym         0x00008a40     0x1450
 *(SORT(.dynsym))
 .dynsym        0x00008a40     0x1450 libbb/lib.a(appletlib.o)

.dynstr         0x00009e90      0xb14
 *(SORT(.dynstr))
 .dynstr        0x00009e90      0xb14 libbb/lib.a(appletlib.o)

.gnu.version    0x0000a9a4      0x28a
 *(SORT(.gnu.version))
 .gnu.version   0x0000a9a4      0x28a libbb/lib.a(appletlib.o)

.gnu.version_d  0x0000ac30        0x0
 *(SORT(.gnu.version_d))
 .gnu.version_d
                0x00000000        0x0 libbb/lib.a(appletlib.o)

.gnu.version_r  0x0000ac30       0x20
 *(SORT(.gnu.version_r))
 .gnu.version_r
                0x0000ac30       0x20 libbb/lib.a(appletlib.o)

.rel.dyn        0x0000ac50       0xc0
 *(SORT(.rel.init))
 *(SORT(.rel.text) SORT(.rel.text.*) SORT(.rel.gnu.linkonce.t.*))
 *(SORT(.rel.fini))
 *(SORT(.rel.rodata) SORT(.rel.rodata.*) SORT(.rel.gnu.linkonce.r.*))
 *(SORT(.rel.data.rel.ro*) SORT(.rel.gnu.linkonce.d.rel.ro.*))
 *(SORT(.rel.data) SORT(.rel.data.*) SORT(.rel.gnu.linkonce.d.*))
 *(SORT(.rel.tdata) SORT(.rel.tdata.*) SORT(.rel.gnu.linkonce.td.*))
 *(SORT(.rel.tbss) SORT(.rel.tbss.*) SORT(.rel.gnu.linkonce.tb.*))
 *(SORT(.rel.ctors))
 *(SORT(.rel.dtors))
 *(SORT(.rel.got))
 .rel.got       0x0000ac50       0xc0 libbb/lib.a(appletlib.o)
 *(SORT(.rel.bss) SORT(.rel.bss.*) SORT(.rel.gnu.linkonce.b.*))
 .rel.bss       0x00000000        0x0 libbb/lib.a(appletlib.o)
                0x0000ad10                PROVIDE (__rel_iplt_start, .)
 *(SORT(.rel.iplt))
                0x0000ad10                PROVIDE (__rel_iplt_end, .)
                0x0000ad10                PROVIDE (__rela_iplt_start, .)
                0x0000ad10                PROVIDE (__rela_iplt_end, .)

.rela.dyn       0x0000ad10        0x0
 *(SORT(.rela.init))
 *(SORT(.rela.text) SORT(.rela.text.*) SORT(.rela.gnu.linkonce.t.*))
 *(SORT(.rela.fini))
 *(SORT(.rela.rodata) SORT(.rela.rodata.*) SORT(.rela.gnu.linkonce.r.*))
 *(SORT(.rela.data) SORT(.rela.data.*) SORT(.rela.gnu.linkonce.d.*))
 *(SORT(.rela.tdata) SORT(.rela.tdata.*) SORT(.rela.gnu.linkonce.td.*))
 *(SORT(.rela.tbss) SORT(.rela.tbss.*) SORT(.rela.gnu.linkonce.tb.*))
 *(SORT(.rela.ctors))
 *(SORT(.rela.dtors))
 *(SORT(.rela.got))
 *(SORT(.rela.bss) SORT(.rela.bss.*) SORT(.rela.gnu.linkonce.b.*))
                0x0000ad10                PROVIDE (__rel_iplt_start, .)
                0x0000ad10                PROVIDE (__rel_iplt_end, .)
                0x0000ad10                PROVIDE (__rela_iplt_start, .)
 *(SORT(.rela.iplt))
                0x0000ad10                PROVIDE (__rela_iplt_end, .)

.rel.plt        0x0000ad10      0x910
 *(SORT(.rel.plt))
 .rel.plt       0x0000ad10      0x910 libbb/lib.a(appletlib.o)

.rela.plt
 *(SORT(.rela.plt))

.init           0x0000b620       0x10
 *(SORT(.init))
 .init          0x0000b620        0xc /home/paldier/k3_384/release/src-rt-6.x.4708/toolchains/hndtools-arm-linux-2.6.36-uclibc-4.5.3/bin/../arm-brcm-linux-uclibcgnueabi/sysroot/usr/lib/crti.o
                0x0000b620                _init
 .init          0x0000b62c        0x4 /home/paldier/k3_384/release/src-rt-6.x.4708/toolchains/hndtools-arm-linux-2.6.36-uclibc-4.5.3/bin/../arm-brcm-linux-uclibcgnueabi/sysroot/usr/lib/crtn.o

.plt            0x0000b630      0xdac
 *(SORT(.plt))
 .plt           0x0000b630      0xdac libbb/lib.a(appletlib.o)
                0x0000b644                dirname
                0x0000b650                getpriority
                0x0000b65c                poll
                0x0000b668                _setjmp
                0x0000b674                vasprintf
                0x0000b680                bind
                0x0000b68c                sysconf
                0x0000b6a4                gethostbyname
                0x0000b6b0                sqrt
                0x0000b6bc                strftime
                0x0000b6c8                mknod
                0x0000b6d4                __errno_location
                0x0000b6e0                inet_aton
                0x0000b6ec                fcntl64
                0x0000b6f8                delete_module
                0x0000b704                getenv
                0x0000b710                fwrite
                0x0000b71c                regexec
                0x0000b728                system
                0x0000b734                __aeabi_ldivmod@@GCC_3.5
                0x0000b740                ctime_r
                0x0000b74c                __res_state
                0x0000b758                __aeabi_dmul@@GCC_3.5
                0x0000b764                crypt
                0x0000b770                usleep
                0x0000b77c                memcpy
                0x0000b788                umount2
                0x0000b794                connect
                0x0000b7a0                stpcpy
                0x0000b7ac                uname
                0x0000b7b8                div
                0x0000b7c4                getline
                0x0000b7d0                sleep
                0x0000b7dc                realloc
                0x0000b7e8                ether_aton_r
                0x0000b7f4                syscall
                0x0000b800                vfprintf
                0x0000b80c                endmntent
                0x0000b818                __aeabi_llsl@@GCC_3.5
                0x0000b824                sysinfo
                0x0000b830                getegid
                0x0000b83c                readlink
                0x0000b848                strspn
                0x0000b854                gettimeofday
                0x0000b860                __res_init
                0x0000b86c                strcat
                0x0000b878                fstat64
                0x0000b884                feof
                0x0000b890                realpath
                0x0000b89c                lchown
                0x0000b8a8                execve
                0x0000b8b4                chown
                0x0000b8c0                rmdir
                0x0000b8cc                symlink
                0x0000b8d8                openlog
                0x0000b8e4                putenv
                0x0000b8f0                getcwd
                0x0000b8fc                __cmsg_nxthdr
                0x0000b908                getnameinfo
                0x0000b914                setenv
                0x0000b920                strcasecmp
                0x0000b92c                ptsname_r
                0x0000b938                freeaddrinfo
                0x0000b944                strtoul
                0x0000b950                mkdir
                0x0000b95c                malloc
                0x0000b968                klogctl
                0x0000b974                strrchr
                0x0000b980                strncmp
                0x0000b98c                swapon
                0x0000b998                __uClibc_main
                0x0000b9a4                inet_pton
                0x0000b9b0                fopen64
                0x0000b9bc                fgets_unlocked
                0x0000b9c8                __aeabi_dcmpeq@@GCC_3.5
                0x0000b9d4                getmntent_r
                0x0000b9e0                setlinebuf
                0x0000b9ec                ioctl
                0x0000b9f8                strlen
                0x0000ba04                ctime
                0x0000ba10                opendir
                0x0000ba1c                setmntent
                0x0000ba28                strtod
                0x0000ba34                __cxa_atexit
                0x0000ba40                sendto
                0x0000ba4c                strtol
                0x0000ba58                sendmsg
                0x0000ba64                ttyname_r
                0x0000ba70                snprintf
                0x0000ba7c                dup
                0x0000ba88                dup2
                0x0000ba94                read
                0x0000baa0                lseek64
                0x0000baac                execv
                0x0000bab8                localtime_r
                0x0000bac4                select
                0x0000bad0                _exit
                0x0000badc                strncasecmp
                0x0000bae8                __fputc_unlocked
                0x0000baf4                access
                0x0000bb00                fdopen
                0x0000bb0c                setbuf
                0x0000bb18                stat64
                0x0000bb24                ftello64
                0x0000bb30                wait
                0x0000bb3c                getpid
                0x0000bb48                sched_yield
                0x0000bb54                __fgetc_unlocked
                0x0000bb60                strtoull
                0x0000bb6c                __aeabi_ddiv@@GCC_3.5
                0x0000bb78                sigprocmask
                0x0000bb84                mktime
                0x0000bb90                memmove
                0x0000bb9c                strsep
                0x0000bba8                pclose
                0x0000bbb4                getpagesize
                0x0000bbc0                fclose
                0x0000bbcc                setsockopt
                0x0000bbd8                fread
                0x0000bbe4                bsearch
                0x0000bbf0                vsprintf
                0x0000bbfc                log
                0x0000bc08                __aeabi_dadd@@GCC_3.5
                0x0000bc14                chmod
                0x0000bc20                dprintf
                0x0000bc2c                tcsetpgrp
                0x0000bc38                lstat64
                0x0000bc44                mallopt
                0x0000bc50                ether_hostton
                0x0000bc5c                time
                0x0000bc68                setpgrp
                0x0000bc74                strtok
                0x0000bc80                fileno
                0x0000bc8c                vprintf
                0x0000bc98                write
                0x0000bca4                getsockopt
                0x0000bcb0                atoll
                0x0000bcbc                isatty
                0x0000bcc8                times
                0x0000bcd4                closedir
                0x0000bce0                strchrnul
                0x0000bcec                longjmp
                0x0000bcf8                __aeabi_d2lz
                0x0000bd04                setpriority
                0x0000bd10                localtime
                0x0000bd1c                close
                0x0000bd28                swapoff
                0x0000bd34                setsid
                0x0000bd40                unlockpt
                0x0000bd4c                mempcpy
                0x0000bd58                __aeabi_uidiv@@GCC_3.5
                0x0000bd64                regfree
                0x0000bd70                sigaction
                0x0000bd7c                ferror
                0x0000bd88                umask
                0x0000bd94                sscanf
                0x0000bda0                pread64
                0x0000bdac                strncpy
                0x0000bdb8                strptime
                0x0000bdc4                mmap64
                0x0000bdd0                tcsetattr
                0x0000bddc                __aeabi_d2uiz@@GCC_3.5
                0x0000bde8                sigaddset
                0x0000bdf4                link
                0x0000be00                atof
                0x0000be0c                init_module
                0x0000be18                setuid
                0x0000be24                __aeabi_i2d@@GCC_3.5
                0x0000be30                tcgetattr
                0x0000be3c                unsetenv
                0x0000be48                __aeabi_uidivmod@@GCC_3.5
                0x0000be54                getppid
                0x0000be60                chdir
                0x0000be6c                unlink
                0x0000be78                execl
                0x0000be84                closelog
                0x0000be90                sync
                0x0000be9c                regerror
                0x0000bea8                __sigsetjmp
                0x0000beb4                fflush
                0x0000bec0                memset
                0x0000becc                inet_ntoa
                0x0000bed8                __aeabi_dsub@@GCC_3.5
                0x0000bee4                hstrerror
                0x0000bef0                if_nametoindex
                0x0000befc                qsort
                0x0000bf08                __h_errno_location
                0x0000bf14                __aeabi_dcmpge@@GCC_3.5
                0x0000bf20                flock
                0x0000bf2c                stime
                0x0000bf38                fdatasync
                0x0000bf44                getservbyport
                0x0000bf50                vfork
                0x0000bf5c                getuid
                0x0000bf68                tcflush
                0x0000bf74                fprintf
                0x0000bf80                sigtimedwait
                0x0000bf8c                utimes
                0x0000bf98                recvmsg
                0x0000bfa4                inet_addr
                0x0000bfb0                fnmatch
                0x0000bfbc                strcspn
                0x0000bfc8                __aeabi_uldivmod@@GCC_3.5
                0x0000bfd4                setgroups
                0x0000bfe0                abort
                0x0000bfec                memcmp
                0x0000bff8                vsnprintf
                0x0000c004                fchown
                0x0000c010                recvfrom
                0x0000c01c                syslog
                0x0000c028                sprintf
                0x0000c034                clearerr
                0x0000c040                strcasestr
                0x0000c04c                strnlen
                0x0000c058                socket
                0x0000c064                exp
                0x0000c070                siglongjmp
                0x0000c07c                fputs_unlocked
                0x0000c088                sin
                0x0000c094                regcomp
                0x0000c0a0                rand
                0x0000c0ac                memchr
                0x0000c0b8                statfs64
                0x0000c0c4                __aeabi_ui2d@@GCC_3.5
                0x0000c0d0                SEND_PTCSRV_EVENT
                0x0000c0dc                exit
                0x0000c0e8                rename
                0x0000c0f4                fork
                0x0000c100                getmntent
                0x0000c10c                raise
                0x0000c118                pow
                0x0000c124                __aeabi_idiv@@GCC_3.5
                0x0000c130                strstr
                0x0000c13c                open64
                0x0000c148                strcmp
                0x0000c154                atan2
                0x0000c160                __aeabi_idivmod@@GCC_3.5
                0x0000c16c                getopt
                0x0000c178                waitpid
                0x0000c184                __aeabi_llsr@@GCC_3.5
                0x0000c190                __aeabi_d2iz@@GCC_3.5
                0x0000c19c                execlp
                0x0000c1a8                setrlimit64
                0x0000c1b4                ungetc
                0x0000c1c0                accept
                0x0000c1cc                mount
                0x0000c1d8                free
                0x0000c1e4                atoi
                0x0000c1f0                strpbrk
                0x0000c1fc                strverscmp
                0x0000c208                alarm
                0x0000c214                strchr
                0x0000c220                fchmod
                0x0000c22c                strtoll
                0x0000c238                fsync
                0x0000c244                cos
                0x0000c250                getgid
                0x0000c25c                strerror
                0x0000c268                listen
                0x0000c274                srand
                0x0000c280                printf
                0x0000c28c                getopt_long
                0x0000c298                popen
                0x0000c2a4                mkstemp64
                0x0000c2b0                strdup
                0x0000c2bc                puts
                0x0000c2c8                fscanf
                0x0000c2d4                setgid
                0x0000c2e0                ftruncate64
                0x0000c2ec                getrlimit64
                0x0000c2f8                execvp
                0x0000c304                signal
                0x0000c310                inet_ntop
                0x0000c31c                readdir64
                0x0000c328                strsignal
                0x0000c334                __aeabi_l2d@@GCC_3.5
                0x0000c340                pipe
                0x0000c34c                getaddrinfo
                0x0000c358                __aeabi_dcmplt@@GCC_3.5
                0x0000c364                __aeabi_dcmpgt@@GCC_3.5
                0x0000c370                hasmntopt
                0x0000c37c                memrchr
                0x0000c388                strcpy
                0x0000c394                kill
                0x0000c3a0                geteuid
                0x0000c3ac                clearenv
                0x0000c3c4                grantpt
                0x0000c3d0                getgroups

.iplt
 *(SORT(.iplt))

.text           0x0000c3dc    0x55108
 *(SORT(.text.unlikely) SORT(.text.*_unlikely))
 *(SORT(.text.exit) SORT(.text.exit.*))
 *(SORT(.text.startup) SORT(.text.startup.*))
 *(SORT(.text.hot) SORT(.text.hot.*))
 *(SORT(.text) SORT(.stub) SORT(.text.*) SORT(.gnu.linkonce.t.*))
 .text          0x0000c3dc       0x3c /home/paldier/k3_384/release/src-rt-6.x.4708/toolchains/hndtools-arm-linux-2.6.36-uclibc-4.5.3/bin/../arm-brcm-linux-uclibcgnueabi/sysroot/usr/lib/crt1.o
                0x0000c3dc                _start
 .text          0x0000c418       0x98 /home/paldier/k3_384/release/src-rt-6.x.4708/toolchains/hndtools-arm-linux-2.6.36-uclibc-4.5.3/bin/../lib/gcc/arm-brcm-linux-uclibcgnueabi/4.5.3/crtbegin.o
 .text.find_applet_by_name
                0x0000c4b0       0xc0 libbb/lib.a(appletlib.o)
                0x0000c4b0                find_applet_by_name
 .text.bb_show_usage
                0x0000c570       0xcc libbb/lib.a(appletlib.o)
                0x0000c570                bb_show_usage
 .text.lbb_prepare
                0x0000c63c       0x34 libbb/lib.a(appletlib.o)
                0x0000c63c                lbb_prepare
 .text.run_applet_no_and_exit
                0x0000c670      0x144 libbb/lib.a(appletlib.o)
                0x0000c670                run_applet_no_and_exit
 .text.run_applet_and_exit
                0x0000c7b4      0x240 libbb/lib.a(appletlib.o)
 .text.main     0x0000c9f4       0x88 libbb/lib.a(appletlib.o)
                0x0000c9f4                main
 .text.is_prefixed_with
                0x0000ca7c       0x34 libbb/lib.a(compare_string_array.o)
                0x0000ca7c                is_prefixed_with
 .text.index_in_strings
                0x0000cab0       0x54 libbb/lib.a(compare_string_array.o)
                0x0000cab0                index_in_strings
 .text.index_in_substrings
                0x0000cb04       0x8c libbb/lib.a(compare_string_array.o)
                0x0000cb04                index_in_substrings
 .text.nth_string
                0x0000cb90       0x34 libbb/lib.a(compare_string_array.o)
                0x0000cb90                nth_string
 .text.bb_basename
                0x0000cbc4       0x20 libbb/lib.a(get_last_path_component.o)
                0x0000cbc4                bb_basename
 .text.bb_get_last_path_component_nostrip
                0x0000cbe4       0x38 libbb/lib.a(get_last_path_component.o)
                0x0000cbe4                bb_get_last_path_component_nostrip
 .text.bb_get_last_path_component_strip
                0x0000cc1c       0x50 libbb/lib.a(get_last_path_component.o)
                0x0000cc1c                bb_get_last_path_component_strip
 .text.last_char_is
                0x0000cc6c       0x3c libbb/lib.a(last_char_is.o)
                0x0000cc6c                last_char_is
 .text.bb_verror_msg
                0x0000cca8      0x228 libbb/lib.a(verror_msg.o)
                0x0000cca8                bb_verror_msg
 .text.bb_error_msg_and_die
                0x0000ced0       0x20 libbb/lib.a(verror_msg.o)
                0x0000ced0                bb_error_msg_and_die
 .text.bb_error_msg
                0x0000cef0       0x28 libbb/lib.a(verror_msg.o)
                0x0000cef0                bb_error_msg
 .text.xfunc_die
                0x0000cf18       0x38 libbb/lib.a(xfunc_die.o)
                0x0000cf18                xfunc_die
 .text.wh_helper
                0x0000cf50       0x4c libbb/lib.a(xfuncs.o)
 .text.ndelay_on
                0x0000cf9c       0x34 libbb/lib.a(xfuncs.o)
                0x0000cf9c                ndelay_on
 .text.ndelay_off
                0x0000cfd0       0x34 libbb/lib.a(xfuncs.o)
                0x0000cfd0                ndelay_off
 .text.close_on_exec_on
                0x0000d004        0xc libbb/lib.a(xfuncs.o)
                0x0000d004                close_on_exec_on
 .text.strncpy_IFNAMSIZ
                0x0000d010        0x8 libbb/lib.a(xfuncs.o)
                0x0000d010                strncpy_IFNAMSIZ
 .text.utoa_to_buf
                0x0000d018       0x94 libbb/lib.a(xfuncs.o)
                0x0000d018                utoa_to_buf
 .text.itoa_to_buf
                0x0000d0ac       0x28 libbb/lib.a(xfuncs.o)
                0x0000d0ac                itoa_to_buf
 .text.utoa     0x0000d0d4       0x38 libbb/lib.a(xfuncs.o)
                0x0000d0d4                utoa
 .text.itoa     0x0000d10c       0x38 libbb/lib.a(xfuncs.o)
                0x0000d10c                itoa
 .text.bin2hex  0x0000d144       0x60 libbb/lib.a(xfuncs.o)
                0x0000d144                bin2hex
 .text.hex2bin  0x0000d1a4       0xfc libbb/lib.a(xfuncs.o)
                0x0000d1a4                hex2bin
 .text.bb_putchar_stderr
                0x0000d2a0       0x1c libbb/lib.a(xfuncs.o)
                0x0000d2a0                bb_putchar_stderr
 .text.full_write1_str
                0x0000d2bc       0x20 libbb/lib.a(xfuncs.o)
                0x0000d2bc                full_write1_str
 .text.full_write2_str
                0x0000d2dc       0x20 libbb/lib.a(xfuncs.o)
                0x0000d2dc                full_write2_str
 .text.get_terminal_width_height
                0x0000d2fc       0xa8 libbb/lib.a(xfuncs.o)
                0x0000d2fc                get_terminal_width_height
 .text.get_terminal_width
                0x0000d3a4       0x18 libbb/lib.a(xfuncs.o)
                0x0000d3a4                get_terminal_width
 .text.tcsetattr_stdin_TCSANOW
                0x0000d3bc       0x10 libbb/lib.a(xfuncs.o)
                0x0000d3bc                tcsetattr_stdin_TCSANOW
 .text.safe_waitpid
                0x0000d3cc       0x54 libbb/lib.a(xfuncs.o)
                0x0000d3cc                safe_waitpid
 .text.wait_any_nohang
                0x0000d420       0x10 libbb/lib.a(xfuncs.o)
                0x0000d420                wait_any_nohang
 .text.wait4pid
                0x0000d430       0x4c libbb/lib.a(xfuncs.o)
                0x0000d430                wait4pid
 .text.malloc_or_warn
                0x0000d47c       0x4c libbb/lib.a(xfuncs_printf.o)
                0x0000d47c                malloc_or_warn
 .text.xmalloc  0x0000d4c8       0x40 libbb/lib.a(xfuncs_printf.o)
                0x0000d4c8                xmalloc
 .text.xrealloc
                0x0000d508       0x40 libbb/lib.a(xfuncs_printf.o)
                0x0000d508                xrealloc
 .text.xzalloc  0x0000d548       0x24 libbb/lib.a(xfuncs_printf.o)
                0x0000d548                xzalloc
 .text.xstrdup  0x0000d56c       0x3c libbb/lib.a(xfuncs_printf.o)
                0x0000d56c                xstrdup
 .text.xstrndup
                0x0000d5a8       0x50 libbb/lib.a(xfuncs_printf.o)
                0x0000d5a8                xstrndup
 .text.xmemdup  0x0000d5f8       0x24 libbb/lib.a(xfuncs_printf.o)
                0x0000d5f8                xmemdup
 .text.xfopen   0x0000d61c       0x34 libbb/lib.a(xfuncs_printf.o)
                0x0000d61c                xfopen
 .text.xopen3   0x0000d650       0x34 libbb/lib.a(xfuncs_printf.o)
                0x0000d650                xopen3
 .text.xopen    0x0000d684        0x8 libbb/lib.a(xfuncs_printf.o)
                0x0000d684                xopen
 .text.open3_or_warn
                0x0000d68c       0x3c libbb/lib.a(xfuncs_printf.o)
                0x0000d68c                open3_or_warn
 .text.open_or_warn
                0x0000d6c8        0x8 libbb/lib.a(xfuncs_printf.o)
                0x0000d6c8                open_or_warn
 .text.xunlink  0x0000d6d0       0x34 libbb/lib.a(xfuncs_printf.o)
                0x0000d6d0                xunlink
 .text.xrename  0x0000d704       0x3c libbb/lib.a(xfuncs_printf.o)
                0x0000d704                xrename
 .text.xpipe    0x0000d740       0x2c libbb/lib.a(xfuncs_printf.o)
                0x0000d740                xpipe
 .text.xdup2    0x0000d76c       0x30 libbb/lib.a(xfuncs_printf.o)
                0x0000d76c                xdup2
 .text.xmove_fd
                0x0000d79c       0x20 libbb/lib.a(xfuncs_printf.o)
                0x0000d79c                xmove_fd
 .text.xwrite   0x0000d7bc       0x34 libbb/lib.a(xfuncs_printf.o)
                0x0000d7bc                xwrite
 .text.xwrite_str
                0x0000d7f0       0x28 libbb/lib.a(xfuncs_printf.o)
                0x0000d7f0                xwrite_str
 .text.xclose   0x0000d818       0x2c libbb/lib.a(xfuncs_printf.o)
                0x0000d818                xclose
 .text.xlseek   0x0000d844       0x6c libbb/lib.a(xfuncs_printf.o)
                0x0000d844                xlseek
 .text.xmkstemp
                0x0000d8b0       0x34 libbb/lib.a(xfuncs_printf.o)
                0x0000d8b0                xmkstemp
 .text.die_if_ferror
                0x0000d8e4       0x34 libbb/lib.a(xfuncs_printf.o)
                0x0000d8e4                die_if_ferror
 .text.die_if_ferror_stdout
                0x0000d918       0x2c libbb/lib.a(xfuncs_printf.o)
                0x0000d918                die_if_ferror_stdout
 .text.fflush_all
                0x0000d944        0x8 libbb/lib.a(xfuncs_printf.o)
                0x0000d944                fflush_all
 .text.bb_putchar
                0x0000d94c       0x20 libbb/lib.a(xfuncs_printf.o)
                0x0000d94c                bb_putchar
 .text.xasprintf
                0x0000d96c       0x50 libbb/lib.a(xfuncs_printf.o)
                0x0000d96c                xasprintf
 .text.xsetenv  0x0000d9bc       0x30 libbb/lib.a(xfuncs_printf.o)
                0x0000d9bc                xsetenv
 .text.bb_unsetenv
                0x0000d9ec       0x44 libbb/lib.a(xfuncs_printf.o)
                0x0000d9ec                bb_unsetenv
 .text.bb_unsetenv_and_free
                0x0000da30       0x18 libbb/lib.a(xfuncs_printf.o)
                0x0000da30                bb_unsetenv_and_free
 .text.xsetgid  0x0000da48       0x2c libbb/lib.a(xfuncs_printf.o)
                0x0000da48                xsetgid
 .text.xsetuid  0x0000da74       0x2c libbb/lib.a(xfuncs_printf.o)
                0x0000da74                xsetuid
 .text.xchdir   0x0000daa0       0x34 libbb/lib.a(xfuncs_printf.o)
                0x0000daa0                xchdir
 .text.warn_opendir
                0x0000dad4       0x3c libbb/lib.a(xfuncs_printf.o)
                0x0000dad4                warn_opendir
 .text.xopendir
                0x0000db10       0x34 libbb/lib.a(xfuncs_printf.o)
                0x0000db10                xopendir
 .text.xsocket  0x0000db44       0x2c libbb/lib.a(xfuncs_printf.o)
                0x0000db44                xsocket
 .text.xbind    0x0000db70       0x2c libbb/lib.a(xfuncs_printf.o)
                0x0000db70                xbind
 .text.xlisten  0x0000db9c       0x2c libbb/lib.a(xfuncs_printf.o)
                0x0000db9c                xlisten
 .text.xsendto  0x0000dbc8       0x40 libbb/lib.a(xfuncs_printf.o)
                0x0000dbc8                xsendto
 .text.xstat    0x0000dc08       0x34 libbb/lib.a(xfuncs_printf.o)
                0x0000dc08                xstat
 .text.xfstat   0x0000dc3c       0x1c libbb/lib.a(xfuncs_printf.o)
                0x0000dc3c                xfstat
 .text.ioctl_or_perror_and_die
                0x0000dc58       0x5c libbb/lib.a(xfuncs_printf.o)
                0x0000dc58                ioctl_or_perror_and_die
 .text.ioctl_or_perror
                0x0000dcb4       0x5c libbb/lib.a(xfuncs_printf.o)
                0x0000dcb4                ioctl_or_perror
 .text.bb_ioctl_or_warn
                0x0000dd10       0x24 libbb/lib.a(xfuncs_printf.o)
                0x0000dd10                bb_ioctl_or_warn
 .text.bb_xioctl
                0x0000dd34       0x1c libbb/lib.a(xfuncs_printf.o)
                0x0000dd34                bb_xioctl
 .text.xmalloc_ttyname
                0x0000dd50       0x34 libbb/lib.a(xfuncs_printf.o)
                0x0000dd50                xmalloc_ttyname
 .text.generate_uuid
                0x0000dd84       0xb4 libbb/lib.a(xfuncs_printf.o)
                0x0000dd84                generate_uuid
 .text.xfork    0x0000de38       0x30 libbb/lib.a(xfuncs_printf.o)
                0x0000de38                xfork
 .text.bb_full_fd_action
                0x0000de68      0x144 libbb/lib.a(copyfd.o)
 .text.bb_copyfd_size
                0x0000dfac       0x18 libbb/lib.a(copyfd.o)
                0x0000dfac                bb_copyfd_size
 .text.bb_copyfd_exact_size
                0x0000dfc4       0x68 libbb/lib.a(copyfd.o)
                0x0000dfc4                bb_copyfd_exact_size
 .text.bb_copyfd_eof
                0x0000e02c        0xc libbb/lib.a(copyfd.o)
                0x0000e02c                bb_copyfd_eof
 .text.full_write
                0x0000e038       0x58 libbb/lib.a(full_write.o)
                0x0000e038                full_write
 .text.bb_perror_msg
                0x0000e090       0x54 libbb/lib.a(perror_msg.o)
                0x0000e090                bb_perror_msg
 .text.bb_perror_msg_and_die
                0x0000e0e4       0x4c libbb/lib.a(perror_msg.o)
                0x0000e0e4                bb_perror_msg_and_die
 .text.bb_simple_perror_msg
                0x0000e130       0x20 libbb/lib.a(perror_msg.o)
                0x0000e130                bb_simple_perror_msg
 .text.bb_simple_perror_msg_and_die
                0x0000e150       0x24 libbb/lib.a(perror_msg.o)
                0x0000e150                bb_simple_perror_msg_and_die
 .text.safe_read
                0x0000e174       0x54 libbb/lib.a(read.o)
                0x0000e174                safe_read
 .text.full_read
                0x0000e1c8       0x5c libbb/lib.a(read.o)
                0x0000e1c8                full_read
 .text.read_close
                0x0000e224       0x20 libbb/lib.a(read.o)
                0x0000e224                read_close
 .text.open_read_close
                0x0000e244       0x2c libbb/lib.a(read.o)
                0x0000e244                open_read_close
 .text.safe_write
                0x0000e270       0x54 libbb/lib.a(safe_write.o)
                0x0000e270                safe_write
 .text.record_signo
                0x0000e2c4       0x1c libbb/lib.a(signals.o)
                0x0000e2c4                record_signo
 .text.sigaction_set
                0x0000e2e0        0x8 libbb/lib.a(signals.o)
                0x0000e2e0                sigaction_set
 .text.sigprocmask_allsigs
                0x0000e2e8       0x20 libbb/lib.a(signals.o)
                0x0000e2e8                sigprocmask_allsigs
 .text.bb_signals
                0x0000e308       0x44 libbb/lib.a(signals.o)
                0x0000e308                bb_signals
 .text.bb_signals_recursive_norestart
                0x0000e34c       0x64 libbb/lib.a(signals.o)
                0x0000e34c                bb_signals_recursive_norestart
 .text.sig_unblock
                0x0000e3b0       0x34 libbb/lib.a(signals.o)
                0x0000e3b0                sig_unblock
 .text.kill_myself_with_sig
                0x0000e3e4       0x28 libbb/lib.a(signals.o)
                0x0000e3e4                kill_myself_with_sig
 .text.signal_SA_RESTART_empty_mask
                0x0000e40c       0x44 libbb/lib.a(signals.o)
                0x0000e40c                signal_SA_RESTART_empty_mask
 .text.signal_no_SA_RESTART_empty_mask
                0x0000e450       0x3c libbb/lib.a(signals.o)
                0x0000e450                signal_no_SA_RESTART_empty_mask
 .text.get_mono
                0x0000e48c       0x38 libbb/lib.a(time.o)
 .text.strftime_fmt
                0x0000e4c4       0x48 libbb/lib.a(time.o)
 .text.parse_datestr
                0x0000e50c      0x4e0 libbb/lib.a(time.o)
                0x0000e50c                parse_datestr
 .text.validate_tm_time
                0x0000e9ec       0x38 libbb/lib.a(time.o)
                0x0000e9ec                validate_tm_time
 .text.strftime_HHMMSS
                0x0000ea24       0x1c libbb/lib.a(time.o)
                0x0000ea24                strftime_HHMMSS
 .text.strftime_YYYYMMDDHHMMSS
                0x0000ea40       0x1c libbb/lib.a(time.o)
                0x0000ea40                strftime_YYYYMMDDHHMMSS
 .text.monotonic_us
                0x0000ea5c       0x40 libbb/lib.a(time.o)
                0x0000ea5c                monotonic_us
 .text.monotonic_ms
                0x0000ea9c       0x40 libbb/lib.a(time.o)
                0x0000ea9c                monotonic_ms
 .text.monotonic_sec
                0x0000eadc       0x14 libbb/lib.a(time.o)
                0x0000eadc                monotonic_sec
 .text.ret_ERANGE
                0x0000eaf0       0x2c libbb/lib.a(bb_strtonum.o)
 .text.handle_errors.clone.0
                0x0000eb1c       0x64 libbb/lib.a(bb_strtonum.o)
 .text.bb_strtoull
                0x0000eb80       0x74 libbb/lib.a(bb_strtonum.o)
                0x0000eb80                bb_strtoull
 .text.bb_strtoll
                0x0000ebf4       0x7c libbb/lib.a(bb_strtonum.o)
                0x0000ebf4                bb_strtoll
 .text.bb_strtoul
                0x0000ec70       0x78 libbb/lib.a(bb_strtonum.o)
                0x0000ec70                bb_strtoul
 .text.bb_strtol
                0x0000ece8       0x80 libbb/lib.a(bb_strtonum.o)
                0x0000ece8                bb_strtol
 .text.chpasswd_main
                0x0000ed68      0x1e0 loginutils/lib.a(chpasswd.o)
                0x0000ed68                chpasswd_main
 .text.alarm_handler
                0x0000ef48       0x50 loginutils/lib.a(login.o)
 .text.login_main
                0x0000ef98      0x4a4 loginutils/lib.a(login.o)
                0x0000ef98                login_main
 .text.crondlog
                0x0000f43c       0x58 miscutils/lib.a(crond.o)
 .text.log8     0x0000f494       0x28 miscutils/lib.a(crond.o)
 .text.log7     0x0000f4bc       0x28 miscutils/lib.a(crond.o)
 .text.log5     0x0000f4e4       0x28 miscutils/lib.a(crond.o)
 .text.reopen_logfile_to_stderr
                0x0000f50c       0x44 miscutils/lib.a(crond.o)
 .text.delete_cronfile
                0x0000f550       0xc4 miscutils/lib.a(crond.o)
 .text.ParseField
                0x0000f614      0x278 miscutils/lib.a(crond.o)
 .text.load_crontab
                0x0000f88c      0x350 miscutils/lib.a(crond.o)
 .text.rescan_crontab_dir
                0x0000fbdc       0xcc miscutils/lib.a(crond.o)
 .text.safe_setenv
                0x0000fca8       0x50 miscutils/lib.a(crond.o)
 .text.start_one_job
                0x0000fcf8      0x1e8 miscutils/lib.a(crond.o)
 .text.crond_main
                0x0000fee0      0x4d0 miscutils/lib.a(crond.o)
                0x0000fee0                crond_main
 .text.devmem_main
                0x000103b0      0x264 miscutils/lib.a(devmem.o)
                0x000103b0                devmem_main
 .text.show_progress.clone.0
                0x00010614       0x5c miscutils/lib.a(flash_eraseall.o)
 .text.flash_eraseall_main
                0x00010670      0x3a0 miscutils/lib.a(flash_eraseall.o)
                0x00010670                flash_eraseall_main
 .text.ionice_main
                0x00010a10      0x190 miscutils/lib.a(ionice.o)
                0x00010a10                ionice_main
 .text.at_end   0x00010ba0       0x38 miscutils/lib.a(less.o)
 .text.cap_cur_fline
                0x00010bd8       0x4c miscutils/lib.a(less.o)
 .text.clear_line
                0x00010c24       0x30 miscutils/lib.a(less.o)
 .text.print_statusline
                0x00010c54       0x44 miscutils/lib.a(less.o)
 .text.read_lines
                0x00010c98      0x370 miscutils/lib.a(less.o)
 .text.move_cursor
                0x00011008       0x28 miscutils/lib.a(less.o)
 .text.print_hilite
                0x00011030       0x20 miscutils/lib.a(less.o)
 .text.print_ascii
                0x00011050      0x114 miscutils/lib.a(less.o)
 .text.set_tty_cooked
                0x00011164       0x34 miscutils/lib.a(less.o)
 .text.less_exit
                0x00011198       0x28 miscutils/lib.a(less.o)
 .text.sig_catcher
                0x000111c0        0x8 miscutils/lib.a(less.o)
 .text.status_print
                0x000111c8       0x94 miscutils/lib.a(less.o)
 .text.buffer_print
                0x0001125c      0x104 miscutils/lib.a(less.o)
 .text.buffer_fill_and_print
                0x00011360       0x84 miscutils/lib.a(less.o)
 .text.reinitialize
                0x000113e4       0xcc miscutils/lib.a(less.o)
 .text.change_file
                0x000114b0       0x8c miscutils/lib.a(less.o)
 .text.buffer_down
                0x0001153c       0x38 miscutils/lib.a(less.o)
 .text.buffer_up
                0x00011574       0x40 miscutils/lib.a(less.o)
 .text.buffer_to_line
                0x000115b4       0xd4 miscutils/lib.a(less.o)
 .text.buffer_line
                0x00011688        0x8 miscutils/lib.a(less.o)
 .text.buffer_lineno
                0x00011690        0x8 miscutils/lib.a(less.o)
 .text.getch_nowait
                0x00011698      0x118 miscutils/lib.a(less.o)
 .text.less_getch
                0x000117b0       0x58 miscutils/lib.a(less.o)
 .text.less_gets
                0x00011808       0xe0 miscutils/lib.a(less.o)
 .text.examine_file
                0x000118e8       0xa0 miscutils/lib.a(less.o)
 .text.less_main
                0x00011988      0x770 miscutils/lib.a(less.o)
                0x00011988                less_main
 .text.strings_main
                0x000120f8      0x208 miscutils/lib.a(strings.o)
                0x000120f8                strings_main
 .text.check_module_name_match
                0x00012300       0x64 modutils/lib.a(insmod.o)
 .text.insmod_main
                0x00012364      0x144 modutils/lib.a(insmod.o)
                0x00012364                insmod_main
 .text.lsmod_main
                0x000124a8      0x184 modutils/lib.a(lsmod.o)
                0x000124a8                lsmod_main
 .text.humanly_readable_name
                0x0001262c       0x14 modutils/lib.a(modprobe.o)
 .text.read_config
                0x00012640       0x34 modutils/lib.a(modprobe.o)
 .text.gather_options_str
                0x00012674       0x74 modutils/lib.a(modprobe.o)
 .text.get_or_add_modentry
                0x000126e8       0x24 modutils/lib.a(modprobe.o)
 .text.add_probe
                0x0001270c       0x70 modutils/lib.a(modprobe.o)
 .text.config_file_action
                0x0001277c      0x234 modutils/lib.a(modprobe.o)
 .text.do_modprobe
                0x000129b0      0x354 modutils/lib.a(modprobe.o)
 .text.modprobe_main
                0x00012d04      0x488 modutils/lib.a(modprobe.o)
                0x00012d04                modprobe_main
 .text.replace  0x0001318c       0x1c modutils/lib.a(modutils.o)
                0x0001318c                replace
 .text.string_to_llist
                0x000131a8       0x60 modutils/lib.a(modutils.o)
                0x000131a8                string_to_llist
 .text.filename2modname
                0x00013208       0x78 modutils/lib.a(modutils.o)
                0x00013208                filename2modname
 .text.helper_get_module
                0x00013280       0xa4 modutils/lib.a(modutils.o)
 .text.moddb_get_or_create
                0x00013324        0x8 modutils/lib.a(modutils.o)
                0x00013324                moddb_get_or_create
 .text.moddb_get
                0x0001332c        0x8 modutils/lib.a(modutils.o)
                0x0001332c                moddb_get
 .text.parse_cmdline_module_options
                0x00013334       0xd4 modutils/lib.a(modutils.o)
                0x00013334                parse_cmdline_module_options
 .text.bb_init_module
                0x00013408       0x80 modutils/lib.a(modutils.o)
                0x00013408                bb_init_module
 .text.bb_delete_module
                0x00013488       0x30 modutils/lib.a(modutils.o)
                0x00013488                bb_delete_module
 .text.moderror
                0x000134b8       0x90 modutils/lib.a(modutils.o)
                0x000134b8                moderror
 .text.rmmod_main
                0x00013548       0xe4 modutils/lib.a(rmmod.o)
                0x00013548                rmmod_main
 .text.arp_show
                0x0001362c      0x350 networking/lib.a(arp.o)
 .text.arp_main
                0x0001397c      0x6f0 networking/lib.a(arp.o)
                0x0001397c                arp_main
 .text.ether_wake_main
                0x0001406c      0x32c networking/lib.a(ether-wake.o)
                0x0001406c                ether_wake_main
 .text.ifconfig_main
                0x00014398      0x4d4 networking/lib.a(ifconfig.o)
                0x00014398                ifconfig_main
 .text.get_afntype
                0x0001486c       0x40 networking/lib.a(interface.o)
 .text.add_interface
                0x000148ac       0xa0 networking/lib.a(interface.o)
 .text.if_readconf
                0x0001494c       0xe4 networking/lib.a(interface.o)
 .text.if_readlist_proc
                0x00014a30      0x2e0 networking/lib.a(interface.o)
 .text.do_if_fetch
                0x00014d10      0x308 networking/lib.a(interface.o)
 .text.print_bytes_scaled
                0x00015018       0xa0 networking/lib.a(interface.o)
 .text.UNSPEC_print
                0x000150b8       0x6c networking/lib.a(interface.o)
 .text.UNSPEC_sprint
                0x00015124       0x3c networking/lib.a(interface.o)
 .text.INET6_input
                0x00015160        0x4 networking/lib.a(interface.o)
 .text.INET6_sprint
                0x00015164       0x44 networking/lib.a(interface.o)
 .text.INET_input
                0x000151a8        0x8 networking/lib.a(interface.o)
 .text.INET_sprint
                0x000151b0       0x48 networking/lib.a(interface.o)
 .text.ether_print
                0x000151f8       0x50 networking/lib.a(interface.o)
 .text.get_aftype
                0x00015248       0x50 networking/lib.a(interface.o)
                0x00015248                get_aftype
 .text.get_hwtype
                0x00015298       0x50 networking/lib.a(interface.o)
                0x00015298                get_hwtype
 .text.get_hwntype
                0x000152e8       0x40 networking/lib.a(interface.o)
                0x000152e8                get_hwntype
 .text.ife_print
                0x00015328      0x6b8 networking/lib.a(interface.o)
 .text.display_interfaces
                0x000159e0       0xe8 networking/lib.a(interface.o)
                0x000159e0                display_interfaces
 .text.do_info  0x00015ac8       0x94 networking/lib.a(netstat.o)
 .text.build_ipv4_addr
                0x00015b5c       0x34 networking/lib.a(netstat.o)
 .text.unix_do_one
                0x00015b90      0x2c8 networking/lib.a(netstat.o)
 .text.build_ipv6_addr
                0x00015e58       0x7c networking/lib.a(netstat.o)
 .text.scan_inet_proc_line
                0x00015ed4       0xcc networking/lib.a(netstat.o)
 .text.ip_port_str
                0x00015fa0       0xa8 networking/lib.a(netstat.o)
 .text.print_inet_line
                0x00016048       0xf0 networking/lib.a(netstat.o)
 .text.raw_do_one
                0x00016138       0xa4 networking/lib.a(netstat.o)
 .text.udp_do_one
                0x000161dc       0xdc networking/lib.a(netstat.o)
 .text.tcp_do_one
                0x000162b8       0x7c networking/lib.a(netstat.o)
 .text.netstat_main
                0x00016334      0x2a4 networking/lib.a(netstat.o)
                0x00016334                netstat_main
 .text.set_default_dns
                0x000165d8       0x64 networking/lib.a(nslookup.o)
 .text.print_host
                0x0001663c      0x108 networking/lib.a(nslookup.o)
 .text.nslookup_main
                0x00016744       0xa0 networking/lib.a(nslookup.o)
                0x00016744                nslookup_main
 .text.unpack_tail
                0x000167e4      0x158 networking/lib.a(ping.o)
 .text.print_stats_and_exit
                0x0001693c      0x168 networking/lib.a(ping.o)
 .text.sendping_tail.clone.1
                0x00016aa4      0x134 networking/lib.a(ping.o)
 .text.sendping4
                0x00016bd8       0x8c networking/lib.a(ping.o)
 .text.sendping6
                0x00016c64       0x70 networking/lib.a(ping.o)
 .text.common_ping_main
                0x00016cd4      0xa54 networking/lib.a(ping.o)
 .text.ping_main
                0x00017728        0x8 networking/lib.a(ping.o)
                0x00017728                ping_main
 .text.ping6_main
                0x00017730        0x8 networking/lib.a(ping.o)
                0x00017730                ping6_main
 .text.set_flags
                0x00017738       0x50 networking/lib.a(route.o)
 .text.kw_lookup
                0x00017788       0x84 networking/lib.a(route.o)
 .text.INET6_displayroutes
                0x0001780c      0x250 networking/lib.a(route.o)
 .text.INET6_setroute
                0x00017a5c      0x298 networking/lib.a(route.o)
 .text.INET_setroute
                0x00017cf4      0x3fc networking/lib.a(route.o)
 .text.bb_displayroutes
                0x000180f0      0x244 networking/lib.a(route.o)
                0x000180f0                bb_displayroutes
 .text.route_main
                0x00018334      0x17c networking/lib.a(route.o)
                0x00018334                route_main
 .text.make_new_session
                0x000184b0      0x2fc networking/lib.a(telnetd.o)
 .text.free_session
                0x000187ac       0xc4 networking/lib.a(telnetd.o)
 .text.handle_sigchld
                0x00018870       0x6c networking/lib.a(telnetd.o)
 .text.telnetd_main
                0x000188dc      0x84c networking/lib.a(telnetd.o)
                0x000188dc                telnetd_main
 .text.pr_type  0x00019128       0x90 networking/lib.a(traceroute.o)
 .text.common_traceroute_main
                0x000191b8     0x11f4 networking/lib.a(traceroute.o)
 .text.traceroute_main
                0x0001a3ac        0x8 networking/lib.a(traceroute.o)
                0x0001a3ac                traceroute_main
 .text.traceroute6_main
                0x0001a3b4        0x8 networking/lib.a(traceroute.o)
                0x0001a3b4                traceroute6_main
 .text.xfind_str
                0x0001a3bc       0x40 networking/lib.a(vconfig.o)
 .text.vconfig_main
                0x0001a3fc      0x150 networking/lib.a(vconfig.o)
                0x0001a3fc                vconfig_main
 .text.send_arp_request
                0x0001a54c       0xfc networking/lib.a(zcip.o)
 .text.run      0x0001a648       0xdc networking/lib.a(zcip.o)
 .text.cleanup  0x0001a724       0x34 networking/lib.a(zcip.o)
 .text.zcip_shutdown
                0x0001a758       0x14 networking/lib.a(zcip.o)
 .text.zcip_main
                0x0001a76c      0x690 networking/lib.a(zcip.o)
                0x0001a76c                zcip_main
 .text.alloc_dhcp_option
                0x0001adfc       0x54 networking/udhcp/lib.a(dhcpc.o)
 .text.init_packet
                0x0001ae50       0xb0 networking/udhcp/lib.a(dhcpc.o)
 .text.add_client_options
                0x0001af00      0x174 networking/udhcp/lib.a(dhcpc.o)
 .text.raw_bcast_from_client_config_ifindex
                0x0001b074       0x50 networking/udhcp/lib.a(dhcpc.o)
 .text.send_discover
                0x0001b0c4       0x8c networking/udhcp/lib.a(dhcpc.o)
 .text.send_select
                0x0001b150       0x94 networking/udhcp/lib.a(dhcpc.o)
 .text.send_decline
                0x0001b1e4       0x84 networking/udhcp/lib.a(dhcpc.o)
 .text.bcast_or_ucast
                0x0001b268       0x30 networking/udhcp/lib.a(dhcpc.o)
 .text.send_renew
                0x0001b298       0x7c networking/udhcp/lib.a(dhcpc.o)
 .text.send_release
                0x0001b314       0x7c networking/udhcp/lib.a(dhcpc.o)
 .text.udhcp_recv_raw_packet
                0x0001b390      0x258 networking/udhcp/lib.a(dhcpc.o)
 .text.client_background
                0x0001b5e8       0x44 networking/udhcp/lib.a(dhcpc.o)
 .text.sprint_nip
                0x0001b62c       0x4c networking/udhcp/lib.a(dhcpc.o)
 .text.change_listen_mode
                0x0001b678       0xf8 networking/udhcp/lib.a(dhcpc.o)
 .text.xmalloc_optname_optval.clone.0
                0x0001b770      0x390 networking/udhcp/lib.a(dhcpc.o)
 .text.udhcp_run_script
                0x0001bb00      0x3bc networking/udhcp/lib.a(dhcpc.o)
 .text.perform_release
                0x0001bebc       0xb4 networking/udhcp/lib.a(dhcpc.o)
 .text.udhcpc_main
                0x0001bf70      0xcbc networking/udhcp/lib.a(dhcpc.o)
                0x0001bf70                udhcpc_main
 .text.udhcp_init_header
                0x0001cc2c       0x84 networking/udhcp/lib.a(packet.o)
                0x0001cc2c                udhcp_init_header
 .text.udhcp_recv_kernel_packet
                0x0001ccb0       0x88 networking/udhcp/lib.a(packet.o)
                0x0001ccb0                udhcp_recv_kernel_packet
 .text.udhcp_send_raw_packet
                0x0001cd38      0x294 networking/udhcp/lib.a(packet.o)
                0x0001cd38                udhcp_send_raw_packet
 .text.udhcp_send_kernel_packet
                0x0001cfcc      0x164 networking/udhcp/lib.a(packet.o)
                0x0001cfcc                udhcp_send_kernel_packet
 .text.signal_handler
                0x0001d130       0x4c networking/udhcp/lib.a(signalpipe.o)
 .text.udhcp_sp_setup
                0x0001d17c       0x54 networking/udhcp/lib.a(signalpipe.o)
                0x0001d17c                udhcp_sp_setup
 .text.udhcp_sp_fd_set
                0x0001d1d0       0x90 networking/udhcp/lib.a(signalpipe.o)
                0x0001d1d0                udhcp_sp_fd_set
 .text.udhcp_sp_read
                0x0001d260       0x54 networking/udhcp/lib.a(signalpipe.o)
                0x0001d260                udhcp_sp_read
 .text.udhcp_read_interface
                0x0001d2b4      0x164 networking/udhcp/lib.a(socket.o)
                0x0001d2b4                udhcp_read_interface
 .text.udhcp_listen_socket
                0x0001d418       0xd4 networking/udhcp/lib.a(socket.o)
                0x0001d418                udhcp_listen_socket
 .text.arpping  0x0001d4ec      0x220 networking/udhcp/lib.a(arpping.o)
                0x0001d4ec                arpping
 .text.udhcp_option_idx
                0x0001d70c       0x80 networking/udhcp/lib.a(common.o)
                0x0001d70c                udhcp_option_idx
 .text.udhcp_get_option
                0x0001d78c       0xdc networking/udhcp/lib.a(common.o)
                0x0001d78c                udhcp_get_option
 .text.udhcp_end_option
                0x0001d868       0x34 networking/udhcp/lib.a(common.o)
                0x0001d868                udhcp_end_option
 .text.udhcp_add_binary_option
                0x0001d89c       0x70 networking/udhcp/lib.a(common.o)
                0x0001d89c                udhcp_add_binary_option
 .text.udhcp_add_simple_option
                0x0001d90c       0xa0 networking/udhcp/lib.a(common.o)
                0x0001d90c                udhcp_add_simple_option
 .text.udhcp_find_option
                0x0001d9ac       0x28 networking/udhcp/lib.a(common.o)
                0x0001d9ac                udhcp_find_option
 .text.attach_option
                0x0001d9d4      0x188 networking/udhcp/lib.a(common.o)
 .text.udhcp_str2nip
                0x0001db5c       0x48 networking/udhcp/lib.a(common.o)
                0x0001db5c                udhcp_str2nip
 .text.udhcp_str2optset
                0x0001dba4      0x2e0 networking/udhcp/lib.a(common.o)
                0x0001dba4                udhcp_str2optset
 .text.sprint_nip6
                0x0001de84       0x7c networking/udhcp/lib.a(common.o)
                0x0001de84                sprint_nip6
 .text.scale    0x0001df00       0x30 procps/lib.a(free.o)
 .text.free_main
                0x0001df30      0x268 procps/lib.a(free.o)
                0x0001df30                free_main
 .text.kill_main
                0x0001e198      0x370 procps/lib.a(kill.o)
                0x0001e198                kill_main
 .text.pidof_main
                0x0001e508       0xa8 procps/lib.a(pidof.o)
                0x0001e508                pidof_main
 .text.ps_main  0x0001e5b0      0x160 procps/lib.a(ps.o)
                0x0001e5b0                ps_main
 .text.renice_main
                0x0001e710      0x1e0 procps/lib.a(renice.o)
                0x0001e710                renice_main
 .text.pid_sort
                0x0001e8f0       0x10 procps/lib.a(top.o)
 .text.mem_sort
                0x0001e900       0x24 procps/lib.a(top.o)
 .text.pcpu_sort
                0x0001e924       0x10 procps/lib.a(top.o)
 .text.time_sort
                0x0001e934       0x24 procps/lib.a(top.o)
 .text.mult_lvl_cmp
                0x0001e958       0x5c procps/lib.a(top.o)
 .text.topmem_sort
                0x0001e9b4       0x58 procps/lib.a(top.o)
 .text.reset_term
                0x0001ea0c       0x34 procps/lib.a(top.o)
 .text.fmt_100percent_8
                0x0001ea40       0xcc procps/lib.a(top.o)
 .text.read_cpu_jiffy
                0x0001eb0c      0x11c procps/lib.a(top.o)
 .text.get_jiffy_counts
                0x0001ec28      0x140 procps/lib.a(top.o)
 .text.do_stats
                0x0001ed68      0x10c procps/lib.a(top.o)
 .text.parse_meminfo
                0x0001ee74       0xb8 procps/lib.a(top.o)
 .text.display_process_list
                0x0001ef2c      0x618 procps/lib.a(top.o)
 .text.ulltoa6_and_space
                0x0001f544       0x2c procps/lib.a(top.o)
 .text.display_topmem_process_list
                0x0001f570      0x300 procps/lib.a(top.o)
 .text.clearmems
                0x0001f870       0x34 procps/lib.a(top.o)
 .text.handle_input
                0x0001f8a4      0x2cc procps/lib.a(top.o)
 .text.sig_catcher
                0x0001fb70       0x14 procps/lib.a(top.o)
 .text.top_main
                0x0001fb84      0x4e8 procps/lib.a(top.o)
                0x0001fb84                top_main
 .text.uptime_main
                0x0002006c      0x15c procps/lib.a(uptime.o)
                0x0002006c                uptime_main
 .text.watch_main
                0x000201c8      0x14c procps/lib.a(watch.o)
                0x000201c8                watch_main
 .text.isdigit_str9
                0x00020314       0x34 shell/lib.a(ash.o)
 .text.var_end  0x00020348       0x28 shell/lib.a(ash.o)
 .text.stunalloc
                0x00020370       0x38 shell/lib.a(ash.o)
 .text.setstackmark
                0x000203a8       0x44 shell/lib.a(ash.o)
 .text.prefix   0x000203ec       0x34 shell/lib.a(ash.o)
 .text.is_number
                0x00020420       0x38 shell/lib.a(ash.o)
 .text.varcmp   0x00020458       0x48 shell/lib.a(ash.o)
 .text.hashvar  0x000204a0       0x58 shell/lib.a(ash.o)
 .text.vpcmp    0x000204f8        0xc shell/lib.a(ash.o)
 .text.findvar  0x00020504       0x3c shell/lib.a(ash.o)
 .text.lookupvar
                0x00020540       0x40 shell/lib.a(ash.o)
 .text.bltinlookup
                0x00020580       0x60 shell/lib.a(ash.o)
 .text.setprompt_if
                0x000205e0       0x8c shell/lib.a(ash.o)
 .text.set_curjob
                0x0002066c       0x4c shell/lib.a(ash.o)
 .text.getstatus
                0x000206b8       0x6c shell/lib.a(ash.o)
 .text.need_to_remember
                0x00020724       0x40 shell/lib.a(ash.o)
 .text.is_hidden_fd
                0x00020764       0x8c shell/lib.a(ash.o)
 .text.esclen   0x000207f0       0x28 shell/lib.a(ash.o)
 .text.falsecmd
                0x00020818        0x8 shell/lib.a(ash.o)
 .text.truecmd  0x00020820        0x8 shell/lib.a(ash.o)
 .text.bltincmd
                0x00020828       0x1c shell/lib.a(ash.o)
 .text.pungetc  0x00020844       0x34 shell/lib.a(ash.o)
 .text.raise_exception
                0x00020878       0x3c shell/lib.a(ash.o)
 .text.calcsize
                0x000208b4      0x144 shell/lib.a(ash.o)
 .text.sizenodelist
                0x000209f8       0x48 shell/lib.a(ash.o)
 .text.SIT      0x00020a40       0xac shell/lib.a(ash.o)
 .text.pushfile
                0x00020aec       0x38 shell/lib.a(ash.o)
 .text.goodname
                0x00020b24       0x18 shell/lib.a(ash.o)
 .text.isassignment
                0x00020b3c       0x30 shell/lib.a(ash.o)
 .text.freealias
                0x00020b6c       0x44 shell/lib.a(ash.o)
 .text.freefunc
                0x00020bb0       0x20 shell/lib.a(ash.o)
 .text.freeparam
                0x00020bd0       0x38 shell/lib.a(ash.o)
 .text.setparam
                0x00020c08       0x8c shell/lib.a(ash.o)
 .text.scanright
                0x00020c94       0x9c shell/lib.a(ash.o)
 .text.scanleft
                0x00020d30       0x78 shell/lib.a(ash.o)
 .text.__lookupalias
                0x00020da8       0x7c shell/lib.a(ash.o)
 .text.lookupalias
                0x00020e24       0x2c shell/lib.a(ash.o)
 .text.msort    0x00020e50       0xbc shell/lib.a(ash.o)
 .text.pstrcmp  0x00020f0c        0xc shell/lib.a(ash.o)
 .text.ignoresig
                0x00020f18       0x54 shell/lib.a(ash.o)
 .text.setsignal
                0x00020f6c      0x188 shell/lib.a(ash.o)
 .text.optschanged
                0x000210f4       0x64 shell/lib.a(ash.o)
 .text.nodeckstrdup
                0x00021158       0x48 shell/lib.a(ash.o)
 .text.copynode
                0x000211a0      0x16c shell/lib.a(ash.o)
 .text.copynodelist
                0x0002130c       0x60 shell/lib.a(ash.o)
 .text.cmdlookup
                0x0002136c       0xdc shell/lib.a(ash.o)
 .text.errmsg   0x00021448       0x18 shell/lib.a(ash.o)
 .text.find_builtin
                0x00021460       0x3c shell/lib.a(ash.o)
 .text.findkwd  0x0002149c       0x40 shell/lib.a(ash.o)
 .text.ulimitcmd
                0x000214dc        0x8 shell/lib.a(ash.o)
 .text.historycmd
                0x000214e4       0x28 shell/lib.a(ash.o)
 .text.tryexec  0x0002150c       0xc4 shell/lib.a(ash.o)
 .text.tokname  0x000215d0       0x54 shell/lib.a(ash.o)
 .text.raise_interrupt
                0x00021624       0x84 shell/lib.a(ash.o)
 .text.int_on   0x000216a8       0x48 shell/lib.a(ash.o)
 .text.recordregion
                0x000216f0       0x88 shell/lib.a(ash.o)
 .text.fmtstr   0x00021778       0x5c shell/lib.a(ash.o)
 .text.removerecordregions
                0x000217d4      0x12c shell/lib.a(ash.o)
 .text.freejob  0x00021900       0x98 shell/lib.a(ash.o)
 .text.makejob  0x00021998      0x194 shell/lib.a(ash.o)
 .text.unalias  0x00021b2c       0x60 shell/lib.a(ash.o)
 .text.popstring
                0x00021b8c       0xe8 shell/lib.a(ash.o)
 .text.popfile  0x00021c74       0x80 shell/lib.a(ash.o)
 .text.popallfiles
                0x00021cf4       0x40 shell/lib.a(ash.o)
 .text.outstr   0x00021d34       0x38 shell/lib.a(ash.o)
 .text.out1str  0x00021d6c       0x20 shell/lib.a(ash.o)
 .text.flush_stdout_stderr
                0x00021d8c       0x38 shell/lib.a(ash.o)
 .text.out2str  0x00021dc4       0x2c shell/lib.a(ash.o)
 .text.stoppedjobs
                0x00021df0       0x78 shell/lib.a(ash.o)
 .text.popstackmark
                0x00021e68       0x98 shell/lib.a(ash.o)
 .text.newline_and_flush
                0x00021f00       0x4c shell/lib.a(ash.o)
 .text.ash_vmsg
                0x00021f4c       0xf8 shell/lib.a(ash.o)
 .text.ash_vmsg_and_raise
                0x00022044       0x20 shell/lib.a(ash.o)
 .text.ash_msg_and_raise_error
                0x00022064       0x1c shell/lib.a(ash.o)
 .text.varunset
                0x00022080       0x8c shell/lib.a(ash.o)
 .text.setvareq
                0x0002210c      0x11c shell/lib.a(ash.o)
 .text.number   0x00022228       0x40 shell/lib.a(ash.o)
 .text.returncmd
                0x00022268       0x50 shell/lib.a(ash.o)
 .text.exitcmd  0x000222b8       0x4c shell/lib.a(ash.o)
 .text.copyfd   0x00022304       0x6c shell/lib.a(ash.o)
 .text.raise_error_syntax
                0x00022370       0x24 shell/lib.a(ash.o)
 .text.raise_error_unexpected_syntax
                0x00022394       0x80 shell/lib.a(ash.o)
 .text.nextopt  0x00022414      0x130 shell/lib.a(ash.o)
 .text.cdopt    0x00022544       0x4c shell/lib.a(ash.o)
 .text.breakcmd
                0x00022590       0x9c shell/lib.a(ash.o)
 .text.ash_msg_and_raise
                0x0002262c       0x18 shell/lib.a(ash.o)
 .text.ash_msg  0x00022644       0x24 shell/lib.a(ash.o)
 .text.setvar   0x00022668       0xfc shell/lib.a(ash.o)
 .text.setvar0  0x00022764        0x8 shell/lib.a(ash.o)
 .text.ash_arith
                0x0002276c       0x7c shell/lib.a(ash.o)
 .text.letcmd   0x000227e8       0x50 shell/lib.a(ash.o)
 .text.stalloc  0x00022838       0xc8 shell/lib.a(ash.o)
 .text.ststrdup
                0x00022900       0x28 shell/lib.a(ash.o)
 .text.stzalloc
                0x00022928       0x1c shell/lib.a(ash.o)
 .text.addfname
                0x00022944       0x48 shell/lib.a(ash.o)
 .text.expmeta  0x0002298c      0x2e0 shell/lib.a(ash.o)
 .text.makename
                0x00022c6c       0x44 shell/lib.a(ash.o)
 .text.fixredir
                0x00022cb0       0x94 shell/lib.a(ash.o)
 .text.growstackblock
                0x00022d44      0x12c shell/lib.a(ash.o)
 .text.makestrspace
                0x00022e70       0x50 shell/lib.a(ash.o)
 .text.memtodest
                0x00022ec0       0xe4 shell/lib.a(ash.o)
 .text.strtodest
                0x00022fa4       0x34 shell/lib.a(ash.o)
 .text.stack_nputstr
                0x00022fd8       0x2c shell/lib.a(ash.o)
 .text.stack_putstr
                0x00023004       0x24 shell/lib.a(ash.o)
 .text.cvtnum   0x00023028       0x54 shell/lib.a(ash.o)
 .text.varvalue
                0x0002307c      0x37c shell/lib.a(ash.o)
 .text.single_quote
                0x000233f8       0xdc shell/lib.a(ash.o)
 .text.rmescapes
                0x000234d4      0x194 shell/lib.a(ash.o)
 .text.preglob  0x00023668        0x8 shell/lib.a(ash.o)
 .text.growstackstr
                0x00023670       0x68 shell/lib.a(ash.o)
 .text._STPUTC  0x000236d8       0x40 shell/lib.a(ash.o)
 .text.listvars
                0x00023718       0xbc shell/lib.a(ash.o)
 .text.path_advance
                0x000237d4      0x120 shell/lib.a(ash.o)
 .text.popredir
                0x000238f4      0x10c shell/lib.a(ash.o)
 .text.clearredir
                0x00023a00       0x48 shell/lib.a(ash.o)
 .text.shellexec
                0x00023a48      0x144 shell/lib.a(ash.o)
 .text.execcmd  0x00023b8c       0x6c shell/lib.a(ash.o)
 .text.setinputstring
                0x00023bf8       0x68 shell/lib.a(ash.o)
 .text.pushstring
                0x00023c60       0xb0 shell/lib.a(ash.o)
 .text.unsetvar
                0x00023d10       0xc0 shell/lib.a(ash.o)
 .text.delete_cmd_entry
                0x00023dd0       0x68 shell/lib.a(ash.o)
 .text.unsetcmd
                0x00023e38       0xa0 shell/lib.a(ash.o)
 .text.unaliascmd
                0x00023ed8      0x12c shell/lib.a(ash.o)
 .text.out1fmt  0x00024004       0x58 shell/lib.a(ash.o)
 .text.printalias
                0x0002405c       0x38 shell/lib.a(ash.o)
 .text.timescmd
                0x00024094       0xc4 shell/lib.a(ash.o)
 .text.showvars
                0x00024158       0xe4 shell/lib.a(ash.o)
 .text.exportcmd
                0x0002423c       0xf4 shell/lib.a(ash.o)
 .text.options  0x00024330      0x36c shell/lib.a(ash.o)
 .text.umaskcmd
                0x0002469c      0x188 shell/lib.a(ash.o)
 .text.setinputfile
                0x00024824      0x10c shell/lib.a(ash.o)
 .text.trapcmd  0x00024930      0x174 shell/lib.a(ash.o)
 .text.shiftcmd
                0x00024aa4       0xc0 shell/lib.a(ash.o)
 .text.setcmd   0x00024b64       0x8c shell/lib.a(ash.o)
 .text.readcmd  0x00024bf0      0x130 shell/lib.a(ash.o)
 .text.setpwd   0x00024d20      0x114 shell/lib.a(ash.o)
 .text.pwdcmd   0x00024e34       0x6c shell/lib.a(ash.o)
 .text.localcmd
                0x00024ea0      0x1cc shell/lib.a(ash.o)
 .text.clearcmdentry
                0x0002506c       0xac shell/lib.a(ash.o)
 .text.changepath
                0x00025118      0x12c shell/lib.a(ash.o)
 .text.cdcmd    0x00025244      0x3f0 shell/lib.a(ash.o)
 .text.aliascmd
                0x00025634      0x1a4 shell/lib.a(ash.o)
 .text.listsetvar
                0x000257d8       0x58 shell/lib.a(ash.o)
 .text.signal_handler
                0x00025830       0x60 shell/lib.a(ash.o)
 .text.force_int_on
                0x00025890       0x38 shell/lib.a(ash.o)
 .text.forkchild.clone.0
                0x000258c8      0x230 shell/lib.a(ash.o)
 .text.evalbltin.clone.2
                0x00025af8      0x128 shell/lib.a(ash.o)
 .text.dowait   0x00025c20      0x190 shell/lib.a(ash.o)
 .text.forkshell
                0x00025db0      0x114 shell/lib.a(ash.o)
 .text.blocking_wait_with_raise_on_sig
                0x00025ec4       0x48 shell/lib.a(ash.o)
 .text.waitcmd  0x00025f0c      0x2b8 shell/lib.a(ash.o)
 .text.waitforjob
                0x000261c4       0x68 shell/lib.a(ash.o)
 .text.readtoken1
                0x0002622c      0xe64 shell/lib.a(ash.o)
 .text.parseheredoc
                0x00027090       0xb4 shell/lib.a(ash.o)
 .text.list     0x00027144      0x1bc shell/lib.a(ash.o)
 .text.parsecmd
                0x00027300       0x64 shell/lib.a(ash.o)
 .text.evalstring
                0x00027364       0x7c shell/lib.a(ash.o)
 .text.evaltree
                0x000273e0      0x4cc shell/lib.a(ash.o)
 .text.argstr   0x000278ac      0x62c shell/lib.a(ash.o)
 .text.expandarg
                0x00027ed8      0x4d8 shell/lib.a(ash.o)
 .text.expredir
                0x000283b0       0xfc shell/lib.a(ash.o)
 .text.redirect
                0x000284ac      0x5ec shell/lib.a(ash.o)
 .text.redirectsafe
                0x00028a98       0xd8 shell/lib.a(ash.o)
 .text.evalsubshell
                0x00028b70       0xe4 shell/lib.a(ash.o)
 .text.subevalvar
                0x00028c54      0x600 shell/lib.a(ash.o)
 .text.evalvar  0x00029254      0x2e4 shell/lib.a(ash.o)
 .text.evalcase
                0x00029538      0x190 shell/lib.a(ash.o)
 .text.evalloop
                0x000296c8      0x11c shell/lib.a(ash.o)
 .text.evalfor  0x000297e4      0x154 shell/lib.a(ash.o)
 .text.evalfun  0x00029938      0x25c shell/lib.a(ash.o)
 .text.exitshell
                0x00029b94       0xa4 shell/lib.a(ash.o)
 .text.pgetc    0x00029c38      0x320 shell/lib.a(ash.o)
 .text.pgetc_without_PEOA
                0x00029f58       0x18 shell/lib.a(ash.o)
 .text.xxreadtoken
                0x00029f70      0x1dc shell/lib.a(ash.o)
 .text.readtoken
                0x0002a14c      0x104 shell/lib.a(ash.o)
 .text.peektoken
                0x0002a250       0x28 shell/lib.a(ash.o)
 .text.parsefname
                0x0002a278      0x15c shell/lib.a(ash.o)
 .text.parse_command
                0x0002a3d4      0x858 shell/lib.a(ash.o)
 .text.pipeline
                0x0002ac2c       0xf8 shell/lib.a(ash.o)
 .text.evalcmd  0x0002ad24       0x9c shell/lib.a(ash.o)
 .text.cmdloop  0x0002adc0      0x114 shell/lib.a(ash.o)
 .text.find_command
                0x0002aed4      0x470 shell/lib.a(ash.o)
 .text.hashcmd  0x0002b344      0x1d4 shell/lib.a(ash.o)
 .text.evalpipe
                0x0002b518      0x1e4 shell/lib.a(ash.o)
 .text.evalcommand
                0x0002b6fc      0x574 shell/lib.a(ash.o)
 .text.typecmd  0x0002bc70      0x2a0 shell/lib.a(ash.o)
 .text.dotcmd   0x0002bf10      0x17c shell/lib.a(ash.o)
 .text.read_profile
                0x0002c08c       0x30 shell/lib.a(ash.o)
 .text.ash_main
                0x0002c0bc      0x798 shell/lib.a(ash.o)
                0x0002c0bc                ash_main
 .text.arith_apply
                0x0002c854      0x3bc shell/lib.a(math.o)
 .text.evaluate_string
                0x0002cc10      0x354 shell/lib.a(math.o)
 .text.arith_lookup_val
                0x0002cf64       0xac shell/lib.a(math.o)
 .text.arith    0x0002d010       0x10 shell/lib.a(math.o)
                0x0002d010                arith
 .text.printlim.clone.0
                0x0002d020       0x78 shell/lib.a(shell_common.o)
 .text.is_well_formed_var_name
                0x0002d098       0x70 shell/lib.a(shell_common.o)
                0x0002d098                is_well_formed_var_name
 .text.shell_builtin_read
                0x0002d108      0x56c shell/lib.a(shell_common.o)
                0x0002d108                shell_builtin_read
 .text.shell_builtin_ulimit
                0x0002d674      0x24c shell/lib.a(shell_common.o)
                0x0002d674                shell_builtin_ulimit
 .text.klogd_main
                0x0002d8c0      0x33c sysklogd/lib.a(klogd.o)
                0x0002d8c0                klogd_main
 .text.find_by_val
                0x0002dbfc       0x30 sysklogd/lib.a(syslogd_and_logger.o)
 .text.decode   0x0002dc2c       0x58 sysklogd/lib.a(syslogd_and_logger.o)
 .text.reset_dns_wait
                0x0002dc84       0x44 sysklogd/lib.a(syslogd_and_logger.o)
 .text.create_socket
                0x0002dcc8       0xb8 sysklogd/lib.a(syslogd_and_logger.o)
 .text.log_locally
                0x0002dd80      0x21c sysklogd/lib.a(syslogd_and_logger.o)
 .text.timestamp_and_log
                0x0002df9c      0x1b8 sysklogd/lib.a(syslogd_and_logger.o)
 .text.timestamp_and_log_internal
                0x0002e154       0x30 sysklogd/lib.a(syslogd_and_logger.o)
 .text.syslogd_main
                0x0002e184      0x7a8 sysklogd/lib.a(syslogd_and_logger.o)
                0x0002e184                syslogd_main
 .text.logger_main
                0x0002e92c      0x348 sysklogd/lib.a(syslogd_and_logger.o)
                0x0002e92c                logger_main
 .text.blkid_main
                0x0002ec74       0x34 util-linux/lib.a(blkid.o)
                0x0002ec74                blkid_main
 .text.dmesg_main
                0x0002eca8      0x18c util-linux/lib.a(dmesg.o)
                0x0002eca8                dmesg_main
 .text.str_units
                0x0002ee34       0x74 util-linux/lib.a(fdisk.o)
 .text.valid_part_table_flag
                0x0002eea8       0x28 util-linux/lib.a(fdisk.o)
 .text.get_sys_types
                0x0002eed0       0x1c util-linux/lib.a(fdisk.o)
 .text.partition_type
                0x0002eeec       0x4c util-linux/lib.a(fdisk.o)
 .text.is_cleared_partition
                0x0002ef38       0x28 util-linux/lib.a(fdisk.o)
 .text.update_units
                0x0002ef60       0x4c util-linux/lib.a(fdisk.o)
 .text.linear2chs
                0x0002efac       0x7c util-linux/lib.a(fdisk.o)
 .text.close_dev_fd
                0x0002f028       0x30 util-linux/lib.a(fdisk.o)
 .text.list_disk_geometry
                0x0002f058      0x120 util-linux/lib.a(fdisk.o)
 .text.list_types
                0x0002f178       0xe0 util-linux/lib.a(fdisk.o)
 .text.unknown_command
                0x0002f258       0x20 util-linux/lib.a(fdisk.o)
 .text.warn_geometry
                0x0002f278       0xc4 util-linux/lib.a(fdisk.o)
 .text.menu     0x0002f33c      0x104 util-linux/lib.a(fdisk.o)
 .text.fdisk_fatal
                0x0002f440       0x40 util-linux/lib.a(fdisk.o)
 .text.seek_sector
                0x0002f480       0x6c util-linux/lib.a(fdisk.o)
 .text.clear_partition
                0x0002f4ec       0x14 util-linux/lib.a(fdisk.o)
 .text.get_start_sect
                0x0002f500       0x1c util-linux/lib.a(fdisk.o)
 .text.get_partition_start_from_dev_start
                0x0002f51c       0x18 util-linux/lib.a(fdisk.o)
 .text.get_nr_sects
                0x0002f534       0x1c util-linux/lib.a(fdisk.o)
 .text.fill_bounds
                0x0002f550       0xc4 util-linux/lib.a(fdisk.o)
 .text.check_consistency
                0x0002f614      0x210 util-linux/lib.a(fdisk.o)
 .text.set_nr_sects
                0x0002f824       0x20 util-linux/lib.a(fdisk.o)
 .text.set_start_sect
                0x0002f844       0x20 util-linux/lib.a(fdisk.o)
 .text.delete_partition
                0x0002f864      0x1e8 util-linux/lib.a(fdisk.o)
 .text.set_partition
                0x0002fa4c      0x1a0 util-linux/lib.a(fdisk.o)
 .text.read_line
                0x0002fbec       0x8c util-linux/lib.a(fdisk.o)
 .text.read_nonempty
                0x0002fc78       0x3c util-linux/lib.a(fdisk.o)
 .text.verify   0x0002fcb4      0x480 util-linux/lib.a(fdisk.o)
 .text.get_boot
                0x00030134      0x7ac util-linux/lib.a(fdisk.o)
 .text.create_doslabel
                0x000308e0       0x9c util-linux/lib.a(fdisk.o)
 .text.read_int
                0x0003097c      0x2cc util-linux/lib.a(fdisk.o)
 .text.get_partition
                0x00030c48       0x84 util-linux/lib.a(fdisk.o)
 .text.get_existing_partition
                0x00030ccc       0xbc util-linux/lib.a(fdisk.o)
 .text.add_partition
                0x00030d88      0x5e8 util-linux/lib.a(fdisk.o)
 .text.add_logical
                0x00031370       0x90 util-linux/lib.a(fdisk.o)
 .text.get_nonexisting_partition.clone.4
                0x00031400       0xa8 util-linux/lib.a(fdisk.o)
 .text.list_table.clone.0
                0x000314a8      0x3d0 util-linux/lib.a(fdisk.o)
 .text.open_list_and_close
                0x00031878      0x1f8 util-linux/lib.a(fdisk.o)
 .text.list_devs_in_proc_partititons
                0x00031a70      0x164 util-linux/lib.a(fdisk.o)
 .text.fdisk_main
                0x00031bd4      0x730 util-linux/lib.a(fdisk.o)
                0x00031bd4                fdisk_main
 .text.flock_main
                0x00032304      0x1e4 util-linux/lib.a(flock.o)
                0x00032304                flock_main
 .text.minix_bit
                0x000324e8       0x14 util-linux/lib.a(fsck_minix.o)
 .text.minix_setbit
                0x000324fc       0x38 util-linux/lib.a(fsck_minix.o)
 .text.minix_clrbit
                0x00032534       0x38 util-linux/lib.a(fsck_minix.o)
 .text.pop_filename
                0x0003256c       0x5c util-linux/lib.a(fsck_minix.o)
 .text.ask      0x000325c8      0x12c util-linux/lib.a(fsck_minix.o)
 .text.check_zone_nr
                0x000326f4       0xb4 util-linux/lib.a(fsck_minix.o)
 .text.add_zone
                0x000327a8      0x12c util-linux/lib.a(fsck_minix.o)
 .text.die      0x000328d4       0x48 util-linux/lib.a(fsck_minix.o)
 .text.bad_zone
                0x0003291c       0x48 util-linux/lib.a(fsck_minix.o)
 .text.read_block
                0x00032964       0xb0 util-linux/lib.a(fsck_minix.o)
 .text.get_dirsize
                0x00032a14       0x80 util-linux/lib.a(fsck_minix.o)
 .text.write_block
                0x00032a94       0xb8 util-linux/lib.a(fsck_minix.o)
 .text.add_zone_ind
                0x00032b4c       0x80 util-linux/lib.a(fsck_minix.o)
 .text.check_zones
                0x00032bcc      0x110 util-linux/lib.a(fsck_minix.o)
 .text.map_block
                0x00032cdc      0x114 util-linux/lib.a(fsck_minix.o)
 .text.write_superblock
                0x00032df0       0x80 util-linux/lib.a(fsck_minix.o)
 .text.push_filename
                0x00032e70       0x74 util-linux/lib.a(fsck_minix.o)
 .text.recursive_check
                0x00032ee4      0x494 util-linux/lib.a(fsck_minix.o)
 .text.fsck_minix_main
                0x00033378      0xa1c util-linux/lib.a(fsck_minix.o)
                0x00033378                fsck_minix_main
 .text.fileAction
                0x00033d94      0x1b0 util-linux/lib.a(lsusb.o)
 .text.lsusb_main
                0x00033f44       0x48 util-linux/lib.a(lsusb.o)
                0x00033f44                lsusb_main
 .text.dirAction
                0x00033f8c       0x10 util-linux/lib.a(mdev.o)
 .text.make_device
                0x00033f9c      0x31c util-linux/lib.a(mdev.o)
 .text.curtime  0x000342b8       0x5c util-linux/lib.a(mdev.o)
 .text.fileAction
                0x00034314      0x174 util-linux/lib.a(mdev.o)
 .text.mdev_main
                0x00034488      0x610 util-linux/lib.a(mdev.o)
                0x00034488                mdev_main
 .text.mkswap_main
                0x00034a98      0x1a8 util-linux/lib.a(mkswap.o)
                0x00034a98                mkswap_main
 .text.gotsig   0x00034c40       0x3c util-linux/lib.a(more.o)
 .text.more_main
                0x00034c7c      0x3e4 util-linux/lib.a(more.o)
                0x00034c7c                more_main
 .text.parse_mount_options
                0x00035060      0x144 util-linux/lib.a(mount.o)
 .text.append_mount_options
                0x000351a4      0x104 util-linux/lib.a(mount.o)
 .text.mount_it_now
                0x000352a8      0x190 util-linux/lib.a(mount.o)
 .text.singlemount
                0x00035438      0x5fc util-linux/lib.a(mount.o)
 .text.mount_main
                0x00035a34      0x5c4 util-linux/lib.a(mount.o)
                0x00035a34                mount_main
 .text.swap_enable_disable
                0x00035ff8      0x128 util-linux/lib.a(swaponoff.o)
 .text.swap_on_off_main
                0x00036120      0x1b4 util-linux/lib.a(swaponoff.o)
                0x00036120                swap_on_off_main
 .text.umount_main
                0x000362d4      0x2f0 util-linux/lib.a(umount.o)
                0x000362d4                umount_main
 .text.uuidcache_init
                0x000365c4       0x64 util-linux/volume_id/lib.a(get_devname.o)
 .text.display_uuid_cache
                0x00036628       0x94 util-linux/volume_id/lib.a(get_devname.o)
                0x00036628                display_uuid_cache
 .text.add_to_uuid_cache
                0x000366bc      0x120 util-linux/volume_id/lib.a(get_devname.o)
                0x000366bc                add_to_uuid_cache
 .text.uuidcache_check_device
                0x000367dc       0x40 util-linux/volume_id/lib.a(get_devname.o)
 .text.get_devname_from_label
                0x0003681c       0x58 util-linux/volume_id/lib.a(get_devname.o)
                0x0003681c                get_devname_from_label
 .text.get_devname_from_uuid
                0x00036874       0x4c util-linux/volume_id/lib.a(get_devname.o)
                0x00036874                get_devname_from_uuid
 .text.resolve_mount_spec
                0x000368c0       0x94 util-linux/volume_id/lib.a(get_devname.o)
                0x000368c0                resolve_mount_spec
 .text.volume_id_probe_all
                0x00036954       0x94 util-linux/volume_id/lib.a(volume_id.o)
                0x00036954                volume_id_probe_all
 .text.volume_id_open_node
                0x000369e8       0x18 util-linux/volume_id/lib.a(volume_id.o)
                0x000369e8                volume_id_open_node
 .text.free_volume_id
                0x00036a00       0x28 util-linux/volume_id/lib.a(volume_id.o)
                0x00036a00                free_volume_id
 .text.volume_id_probe_ext
                0x00036a28       0x64 util-linux/volume_id/lib.a(ext.o)
                0x00036a28                volume_id_probe_ext
 .text.get_attr_volume_id
                0x00036a8c       0x70 util-linux/volume_id/lib.a(fat.o)
 .text.volume_id_probe_vfat
                0x00036afc      0x45c util-linux/volume_id/lib.a(fat.o)
                0x00036afc                volume_id_probe_vfat
 .text.hfs_set_uuid
                0x00036f58       0xbc util-linux/volume_id/lib.a(hfs.o)
 .text.volume_id_probe_hfs_hfsplus
                0x00037014      0x31c util-linux/volume_id/lib.a(hfs.o)
                0x00037014                volume_id_probe_hfs_hfsplus
 .text.volume_id_probe_linux_swap
                0x00037330      0x170 util-linux/volume_id/lib.a(linux_swap.o)
                0x00037330                volume_id_probe_linux_swap
 .text.volume_id_probe_ntfs
                0x000374a0      0x1c8 util-linux/volume_id/lib.a(ntfs.o)
                0x000374a0                volume_id_probe_ntfs
 .text.volume_id_set_unicode16
                0x00037668       0xc4 util-linux/volume_id/lib.a(util.o)
                0x00037668                volume_id_set_unicode16
 .text.volume_id_set_label_string
                0x0003772c       0x68 util-linux/volume_id/lib.a(util.o)
                0x0003772c                volume_id_set_label_string
 .text.volume_id_set_label_unicode16
                0x00037794       0x28 util-linux/volume_id/lib.a(util.o)
                0x00037794                volume_id_set_label_unicode16
 .text.volume_id_set_uuid
                0x000377bc      0x19c util-linux/volume_id/lib.a(util.o)
                0x000377bc                volume_id_set_uuid
 .text.volume_id_free_buffer
                0x00037958       0x3c util-linux/volume_id/lib.a(util.o)
                0x00037958                volume_id_free_buffer
 .text.volume_id_get_buffer
                0x00037994      0x148 util-linux/volume_id/lib.a(util.o)
                0x00037994                volume_id_get_buffer
 .text.make_new_name_gunzip
                0x00037adc       0x94 archival/lib.a(bbunzip.o)
 .text.open_to_or_warn
                0x00037b70       0x38 archival/lib.a(bbunzip.o)
 .text.append_ext
                0x00037ba8       0x28 archival/lib.a(bbunzip.o)
                0x00037ba8                append_ext
 .text.bbunpack
                0x00037bd0      0x324 archival/lib.a(bbunzip.o)
                0x00037bd0                bbunpack
 .text.gunzip_main
                0x00037ef4       0x88 archival/lib.a(bbunzip.o)
                0x00037ef4                gunzip_main
 .text.bi_reverse
                0x00037f7c       0x2c archival/lib.a(gzip.o)
 .text.init_block
                0x00037fa8       0xc8 archival/lib.a(gzip.o)
 .text.pqdownheap
                0x00038070       0xfc archival/lib.a(gzip.o)
 .text.gen_codes
                0x0003816c       0xac archival/lib.a(gzip.o)
 .text.build_tree
                0x00038218      0x498 archival/lib.a(gzip.o)
 .text.scan_tree
                0x000386b0      0x148 archival/lib.a(gzip.o)
 .text.ct_tally
                0x000387f8      0x1d0 archival/lib.a(gzip.o)
 .text.file_read
                0x000389c8       0x74 archival/lib.a(gzip.o)
 .text.fill_window
                0x00038a3c      0x128 archival/lib.a(gzip.o)
 .text.flush_outbuf
                0x00038b64       0x40 archival/lib.a(gzip.o)
 .text.put_16bit
                0x00038ba4       0x80 archival/lib.a(gzip.o)
 .text.send_bits
                0x00038c24       0x78 archival/lib.a(gzip.o)
 .text.send_tree
                0x00038c9c      0x19c archival/lib.a(gzip.o)
 .text.compress_block
                0x00038e38      0x1a0 archival/lib.a(gzip.o)
 .text.put_32bit
                0x00038fd8       0x1c archival/lib.a(gzip.o)
 .text.bi_windup
                0x00038ff4       0x70 archival/lib.a(gzip.o)
 .text.flush_block
                0x00039064      0x2dc archival/lib.a(gzip.o)
 .text.pack_gzip
                0x00039340      0x98c archival/lib.a(gzip.o)
 .text.gzip_main
                0x00039ccc      0x164 archival/lib.a(gzip.o)
                0x00039ccc                gzip_main
 .text.gnu_dev_major
                0x00039e30       0x14 archival/lib.a(tar.o)
 .text.gnu_dev_minor
                0x00039e44       0x18 archival/lib.a(tar.o)
 .text.append_file_list_to_list
                0x00039e5c       0x7c archival/lib.a(tar.o)
 .text.vfork_compressor
                0x00039ed8      0x110 archival/lib.a(tar.o)
 .text.writeTarFile
                0x00039fe8      0x154 archival/lib.a(tar.o)
 .text.putOctal
                0x0003a13c       0x6c archival/lib.a(tar.o)
 .text.chksum_and_xwrite
                0x0003a1a8       0x80 archival/lib.a(tar.o)
 .text.writeLongname
                0x0003a228      0x110 archival/lib.a(tar.o)
 .text.writeTarHeader
                0x0003a338      0x388 archival/lib.a(tar.o)
 .text.writeFileToTarball
                0x0003a6c0      0x2b4 archival/lib.a(tar.o)
 .text.tar_main
                0x0003a974      0x358 archival/lib.a(tar.o)
                0x0003a974                tar_main
 .text.unzip_create_leading_dirs
                0x0003accc       0x34 archival/lib.a(unzip.o)
 .text.unzip_skip
                0x0003ad00       0x5c archival/lib.a(unzip.o)
 .text.my_fgets80
                0x0003ad5c       0x4c archival/lib.a(unzip.o)
 .text.unzip_main
                0x0003ada8      0x7b0 archival/lib.a(unzip.o)
                0x0003ada8                unzip_main
 .text.data_extract_all
                0x0003b558      0x3cc archival/libarchive/lib.a(data_extract_all.o)
                0x0003b558                data_extract_all
 .text.data_extract_to_stdout
                0x0003b924       0x14 archival/libarchive/lib.a(data_extract_to_stdout.o)
                0x0003b924                data_extract_to_stdout
 .text.data_skip
                0x0003b938       0x1c archival/libarchive/lib.a(data_skip.o)
                0x0003b938                data_skip
 .text.get_bits
                0x0003b954       0xcc archival/libarchive/lib.a(decompress_bunzip2.o)
 .text.get_next_block
                0x0003ba20      0x7b8 archival/libarchive/lib.a(decompress_bunzip2.o)
 .text.read_bunzip
                0x0003c1d8      0x154 archival/libarchive/lib.a(decompress_bunzip2.o)
                0x0003c1d8                read_bunzip
 .text.start_bunzip
                0x0003c32c       0xf0 archival/libarchive/lib.a(decompress_bunzip2.o)
                0x0003c32c                start_bunzip
 .text.dealloc_bunzip
                0x0003c41c       0x1c archival/libarchive/lib.a(decompress_bunzip2.o)
                0x0003c41c                dealloc_bunzip
 .text.unpack_bz2_stream
                0x0003c438      0x168 archival/libarchive/lib.a(decompress_bunzip2.o)
                0x0003c438                unpack_bz2_stream
 .text.inflate_codes_setup
                0x0003c5a0       0x54 archival/libarchive/lib.a(decompress_gunzip.o)
 .text.huft_free
                0x0003c5f4       0x24 archival/libarchive/lib.a(decompress_gunzip.o)
 .text.huft_free_all
                0x0003c618       0x28 archival/libarchive/lib.a(decompress_gunzip.o)
 .text.buffer_read_le_u32
                0x0003c640       0x30 archival/libarchive/lib.a(decompress_gunzip.o)
 .text.huft_build
                0x0003c670      0x51c archival/libarchive/lib.a(decompress_gunzip.o)
 .text.abort_unzip
                0x0003cb8c       0x18 archival/libarchive/lib.a(decompress_gunzip.o)
 .text.fill_bitbuffer
                0x0003cba4       0xf4 archival/libarchive/lib.a(decompress_gunzip.o)
 .text.inflate_block
                0x0003cc98      0x654 archival/libarchive/lib.a(decompress_gunzip.o)
 .text.inflate_codes
                0x0003d2ec      0x35c archival/libarchive/lib.a(decompress_gunzip.o)
 .text.calculate_gunzip_crc
                0x0003d648       0x38 archival/libarchive/lib.a(decompress_gunzip.o)
 .text.inflate_unzip_internal
                0x0003d680      0x2b4 archival/libarchive/lib.a(decompress_gunzip.o)
 .text.top_up   0x0003d934       0x9c archival/libarchive/lib.a(decompress_gunzip.o)
 .text.inflate_unzip
                0x0003d9d0       0x68 archival/libarchive/lib.a(decompress_gunzip.o)
                0x0003d9d0                inflate_unzip
 .text.unpack_gz_stream
                0x0003da38      0x2b0 archival/libarchive/lib.a(decompress_gunzip.o)
                0x0003da38                unpack_gz_stream
 .text.filter_accept_reject_list
                0x0003dce8       0x4c archival/libarchive/lib.a(filter_accept_reject_list.o)
                0x0003dce8                filter_accept_reject_list
 .text.find_list_entry
                0x0003dd34       0x3c archival/libarchive/lib.a(find_list_entry.o)
                0x0003dd34                find_list_entry
 .text.find_list_entry2
                0x0003dd70       0xac archival/libarchive/lib.a(find_list_entry.o)